May 30 02:03:00 MyFirstLinuxVM journal: Runtime journal is using 6.1M (max allowed 49.5M, trying to leave 74.3M free of 489.2M available → current limit 49.5M).
May 30 02:03:00 MyFirstLinuxVM kernel: Initializing cgroup subsys cpuset
May 30 02:03:00 MyFirstLinuxVM kernel: Initializing cgroup subsys cpu
May 30 02:03:00 MyFirstLinuxVM kernel: Initializing cgroup subsys cpuacct
May 30 02:03:00 MyFirstLinuxVM kernel: Linux version 3.10.0-1160.el7.x86_64 (mockbuild@kbuilder.bsys.centos.org) (gcc version 4.8.5 20150623 (Red Hat 4.8.5-44) (GCC) ) #1 SMP Mon Oct 19 16:18:59 UTC 2020
May 30 02:03:00 MyFirstLinuxVM kernel: Command line: BOOT_IMAGE=/vmlinuz-3.10.0-1160.el7.x86_64 root=/dev/mapper/centos-root ro crashkernel=auto rd.lvm.lv=centos/root rd.lvm.lv=centos/swap rhgb quiet LANG=en_US.UTF-8
May 30 02:03:00 MyFirstLinuxVM kernel: e820: BIOS-provided physical RAM map:
May 30 02:03:00 MyFirstLinuxVM kernel: BIOS-e820: [mem 0x0000000000000000-0x000000000009fbff] usable
May 30 02:03:00 MyFirstLinuxVM kernel: BIOS-e820: [mem 0x000000000009fc00-0x000000000009ffff] reserved
May 30 02:03:00 MyFirstLinuxVM kernel: BIOS-e820: [mem 0x00000000000f0000-0x00000000000fffff] reserved
May 30 02:03:00 MyFirstLinuxVM kernel: BIOS-e820: [mem 0x0000000000100000-0x000000003ffeffff] usable
May 30 02:03:00 MyFirstLinuxVM kernel: BIOS-e820: [mem 0x000000003fff0000-0x000000003fffffff] ACPI data
May 30 02:03:00 MyFirstLinuxVM kernel: BIOS-e820: [mem 0x00000000fec00000-0x00000000fec00fff] reserved
May 30 02:03:00 MyFirstLinuxVM kernel: BIOS-e820: [mem 0x00000000fee00000-0x00000000fee00fff] reserved
May 30 02:03:00 MyFirstLinuxVM kernel: BIOS-e820: [mem 0x00000000fffc0000-0x00000000ffffffff] reserved
May 30 02:03:00 MyFirstLinuxVM kernel: NX (Execute Disable) protection: active
May 30 02:03:00 MyFirstLinuxVM kernel: SMBIOS 2.5 present.
May 30 02:03:00 MyFirstLinuxVM kernel: DMI: innotek GmbH VirtualBox/VirtualBox, BIOS VirtualBox 12/01/2006
May 30 02:03:00 MyFirstLinuxVM kernel: Hypervisor detected: KVM
May 30 02:03:00 MyFirstLinuxVM kernel: e820: last_pfn = 0x3fff0 max_arch_pfn = 0x400000000
May 30 02:03:00 MyFirstLinuxVM kernel: PAT configuration [0-7]: WB  WC  UC- UC  WB  WP  UC- UC  
May 30 02:03:00 MyFirstLinuxVM kernel: CPU MTRRs all blank - virtualized system.
May 30 02:03:00 MyFirstLinuxVM kernel: found SMP MP-table at [mem 0x0009fff0-0x0009ffff] mapped at [ffffffffff200ff0]
May 30 02:03:00 MyFirstLinuxVM kernel: RAMDISK: [mem 0x34309000-0x3617cfff]
May 30 02:03:00 MyFirstLinuxVM kernel: Early table checksum verification disabled
May 30 02:03:00 MyFirstLinuxVM kernel: ACPI: RSDP 00000000000e0000 00024 (v02 VBOX  )
May 30 02:03:00 MyFirstLinuxVM kernel: ACPI: XSDT 000000003fff0030 0003C (v01 VBOX   VBOXXSDT 00000001 ASL  00000061)
May 30 02:03:00 MyFirstLinuxVM kernel: ACPI: FACP 000000003fff00f0 000F4 (v04 VBOX   VBOXFACP 00000001 ASL  00000061)
May 30 02:03:00 MyFirstLinuxVM kernel: ACPI: DSDT 000000003fff0470 02325 (v02 VBOX   VBOXBIOS 00000002 INTL 20100528)
May 30 02:03:00 MyFirstLinuxVM kernel: ACPI: FACS 000000003fff0200 00040
May 30 02:03:00 MyFirstLinuxVM kernel: ACPI: APIC 000000003fff0240 00054 (v02 VBOX   VBOXAPIC 00000001 ASL  00000061)
May 30 02:03:00 MyFirstLinuxVM kernel: ACPI: SSDT 000000003fff02a0 001CC (v01 VBOX   VBOXCPUT 00000002 INTL 20100528)
May 30 02:03:00 MyFirstLinuxVM kernel: No NUMA configuration found
May 30 02:03:00 MyFirstLinuxVM kernel: Faking a node at [mem 0x0000000000000000-0x000000003ffeffff]
May 30 02:03:00 MyFirstLinuxVM kernel: NODE_DATA(0) allocated [mem 0x3ffc9000-0x3ffeffff]
May 30 02:03:00 MyFirstLinuxVM kernel: crashkernel=auto resulted in zero bytes of reserved memory.
May 30 02:03:00 MyFirstLinuxVM kernel: kvm-clock: cpu 0, msr 0:3ff78001, primary cpu clock
May 30 02:03:00 MyFirstLinuxVM kernel: kvm-clock: Using msrs 4b564d01 and 4b564d00
May 30 02:03:00 MyFirstLinuxVM kernel: kvm-clock: using sched offset of 17728180857 cycles
May 30 02:03:00 MyFirstLinuxVM kernel: Zone ranges:
May 30 02:03:00 MyFirstLinuxVM kernel:  DMA      [mem 0x00001000-0x00ffffff]
May 30 02:03:00 MyFirstLinuxVM kernel:  DMA32    [mem 0x01000000-0xffffffff]
May 30 02:03:00 MyFirstLinuxVM kernel:  Normal   empty
May 30 02:03:00 MyFirstLinuxVM kernel: Movable zone start for each node
May 30 02:03:00 MyFirstLinuxVM kernel: Early memory node ranges
May 30 02:03:00 MyFirstLinuxVM kernel:  node   0: [mem 0x00001000-0x0009efff]
May 30 02:03:00 MyFirstLinuxVM kernel:  node   0: [mem 0x00100000-0x3ffeffff]
May 30 02:03:00 MyFirstLinuxVM kernel: Initmem setup node 0 [mem 0x00001000-0x3ffeffff]
May 30 02:03:00 MyFirstLinuxVM kernel: ACPI: PM-Timer IO Port: 0x4008
May 30 02:03:00 MyFirstLinuxVM kernel: ACPI: LAPIC (acpi_id[0x00] lapic_id[0x00] enabled)
May 30 02:03:00 MyFirstLinuxVM kernel: ACPI: IOAPIC (id[0x01] address[0xfec00000] gsi_base[0])
May 30 02:03:00 MyFirstLinuxVM kernel: IOAPIC[0]: apic_id 1, version 32, address 0xfec00000, GSI 0-23
May 30 02:03:00 MyFirstLinuxVM kernel: ACPI: INT_SRC_OVR (bus 0 bus_irq 0 global_irq 2 dfl dfl)
May 30 02:03:00 MyFirstLinuxVM kernel: ACPI: INT_SRC_OVR (bus 0 bus_irq 9 global_irq 9 low level)
May 30 02:03:00 MyFirstLinuxVM kernel: Using ACPI (MADT) for SMP configuration information
May 30 02:03:00 MyFirstLinuxVM kernel: smpboot: Allowing 1 CPUs, 0 hotplug CPUs
May 30 02:03:00 MyFirstLinuxVM kernel: PM: Registered nosave memory: [mem 0x0009f000-0x0009ffff]
May 30 02:03:00 MyFirstLinuxVM kernel: PM: Registered nosave memory: [mem 0x000a0000-0x000effff]
May 30 02:03:00 MyFirstLinuxVM kernel: PM: Registered nosave memory: [mem 0x000f0000-0x000fffff]
May 30 02:03:00 MyFirstLinuxVM kernel: e820: [mem 0x40000000-0xfebfffff] available for PCI devices
May 30 02:03:00 MyFirstLinuxVM kernel: Booting paravirtualized kernel on KVM
May 30 02:03:00 MyFirstLinuxVM kernel: setup_percpu: NR_CPUS:5120 nr_cpumask_bits:1 nr_cpu_ids:1 nr_node_ids:1
May 30 02:03:00 MyFirstLinuxVM kernel: percpu: Embedded 38 pages/cpu s118784 r8192 d28672 u2097152
May 30 02:03:00 MyFirstLinuxVM kernel: Built 1 zonelists in Node order, mobility grouping on.  Total pages: 257913
May 30 02:03:00 MyFirstLinuxVM kernel: Policy zone: DMA32
May 30 02:03:00 MyFirstLinuxVM kernel: Kernel command line: BOOT_IMAGE=/vmlinuz-3.10.0-1160.el7.x86_64 root=/dev/mapper/centos-root ro crashkernel=auto rd.lvm.lv=centos/root rd.lvm.lv=centos/swap rhgb quiet LANG=en_US.UTF-8
May 30 02:03:00 MyFirstLinuxVM kernel: PID hash table entries: 4096 (order: 3, 32768 bytes)
May 30 02:03:00 MyFirstLinuxVM kernel: xsave: enabled xstate_bv 0x3, cntxt size 0x240 using standard form
May 30 02:03:00 MyFirstLinuxVM kernel: Memory: 980632k/1048512k available (7788k kernel code, 392k absent, 67488k reserved, 5954k data, 1984k init)
May 30 02:03:00 MyFirstLinuxVM kernel: SLUB: HWalign=64, Order=0-3, MinObjects=0, CPUs=1, Nodes=1
May 30 02:03:00 MyFirstLinuxVM kernel: Hierarchical RCU implementation.
May 30 02:03:00 MyFirstLinuxVM kernel: #011RCU restricting CPUs from NR_CPUS=5120 to nr_cpu_ids=1.
May 30 02:03:00 MyFirstLinuxVM kernel: NR_IRQS:327936 nr_irqs:256 0
May 30 02:03:00 MyFirstLinuxVM kernel: Console: colour VGA+ 80x25
May 30 02:03:00 MyFirstLinuxVM kernel: console [tty0] enabled
May 30 02:03:00 MyFirstLinuxVM kernel: allocated 27262976 bytes of page_cgroup
May 30 02:03:00 MyFirstLinuxVM kernel: please try 'cgroup_disable=memory' option if you don't want memory cgroups
May 30 02:03:00 MyFirstLinuxVM kernel: tsc: Detected 1094.401 MHz processor
May 30 02:03:00 MyFirstLinuxVM kernel: Calibrating delay loop (skipped) preset value.. 2188.80 BogoMIPS (lpj=1094401)
May 30 02:03:00 MyFirstLinuxVM kernel: pid_max: default: 32768 minimum: 301
May 30 02:03:00 MyFirstLinuxVM kernel: Security Framework initialized
May 30 02:03:00 MyFirstLinuxVM kernel: SELinux:  Initializing.
May 30 02:03:00 MyFirstLinuxVM kernel: Yama: becoming mindful.
May 30 02:03:00 MyFirstLinuxVM kernel: Dentry cache hash table entries: 131072 (order: 8, 1048576 bytes)
May 30 02:03:00 MyFirstLinuxVM kernel: Inode-cache hash table entries: 65536 (order: 7, 524288 bytes)
May 30 02:03:00 MyFirstLinuxVM kernel: Mount-cache hash table entries: 2048 (order: 2, 16384 bytes)
May 30 02:03:00 MyFirstLinuxVM kernel: Mountpoint-cache hash table entries: 2048 (order: 2, 16384 bytes)
May 30 02:03:00 MyFirstLinuxVM kernel: Initializing cgroup subsys memory
May 30 02:03:00 MyFirstLinuxVM kernel: Initializing cgroup subsys devices
May 30 02:03:00 MyFirstLinuxVM kernel: Initializing cgroup subsys freezer
May 30 02:03:00 MyFirstLinuxVM kernel: Initializing cgroup subsys net_cls
May 30 02:03:00 MyFirstLinuxVM kernel: Initializing cgroup subsys blkio
May 30 02:03:00 MyFirstLinuxVM kernel: Initializing cgroup subsys perf_event
May 30 02:03:00 MyFirstLinuxVM kernel: Initializing cgroup subsys hugetlb
May 30 02:03:00 MyFirstLinuxVM kernel: Initializing cgroup subsys pids
May 30 02:03:00 MyFirstLinuxVM kernel: Initializing cgroup subsys net_prio
May 30 02:03:00 MyFirstLinuxVM kernel: Last level iTLB entries: 4KB 0, 2MB 0, 4MB 0
May 30 02:03:00 MyFirstLinuxVM kernel: Last level dTLB entries: 4KB 0, 2MB 0, 4MB 0
May 30 02:03:00 MyFirstLinuxVM kernel: tlb_flushall_shift: 6
May 30 02:03:00 MyFirstLinuxVM kernel: FEATURE SPEC_CTRL Not Present
May 30 02:03:00 MyFirstLinuxVM kernel: FEATURE IBPB_SUPPORT Not Present
May 30 02:03:00 MyFirstLinuxVM kernel: Spectre V1 : Mitigation: Load fences, usercopy/swapgs barriers and __user pointer sanitization
May 30 02:03:00 MyFirstLinuxVM kernel: Spectre V2 : Vulnerable: Retpoline without IBPB
May 30 02:03:00 MyFirstLinuxVM kernel: Speculative Store Bypass: Vulnerable
May 30 02:03:00 MyFirstLinuxVM kernel: Freeing SMP alternatives: 28k freed
May 30 02:03:00 MyFirstLinuxVM kernel: ACPI: Core revision 20130517
May 30 02:03:00 MyFirstLinuxVM kernel: ACPI: All ACPI Tables successfully acquired
May 30 02:03:00 MyFirstLinuxVM kernel: ftrace: allocating 29651 entries in 116 pages
May 30 02:03:00 MyFirstLinuxVM kernel: Enabling x2apic
May 30 02:03:00 MyFirstLinuxVM kernel: Enabled x2apic
May 30 02:03:00 MyFirstLinuxVM kernel: Switched APIC routing to physical x2apic.
May 30 02:03:00 MyFirstLinuxVM kernel: ..TIMER: vector=0x30 apic1=0 pin1=2 apic2=-1 pin2=-1
May 30 02:03:00 MyFirstLinuxVM kernel: smpboot: CPU0: Intel(R) Pentium(R) Silver N5030 CPU @ 1.10GHz (fam: 06, model: 7a, stepping: 08)
May 30 02:03:00 MyFirstLinuxVM kernel: Performance Events: unsupported p6 CPU model 122 no PMU driver, software events only.
May 30 02:03:00 MyFirstLinuxVM kernel: KVM setup paravirtual spinlock
May 30 02:03:00 MyFirstLinuxVM kernel: Brought up 1 CPUs
May 30 02:03:00 MyFirstLinuxVM kernel: smpboot: Max logical packages: 1
May 30 02:03:00 MyFirstLinuxVM kernel: smpboot: Total of 1 processors activated (2188.80 BogoMIPS)
May 30 02:03:00 MyFirstLinuxVM kernel: devtmpfs: initialized
May 30 02:03:00 MyFirstLinuxVM kernel: x86/mm: Memory block size: 128MB
May 30 02:03:00 MyFirstLinuxVM kernel: EVM: security.selinux
May 30 02:03:00 MyFirstLinuxVM kernel: EVM: security.ima
May 30 02:03:00 MyFirstLinuxVM kernel: EVM: security.capability
May 30 02:03:00 MyFirstLinuxVM kernel: atomic64 test passed for x86-64 platform with CX8 and with SSE
May 30 02:03:00 MyFirstLinuxVM kernel: pinctrl core: initialized pinctrl subsystem
May 30 02:03:00 MyFirstLinuxVM kernel: RTC time:  6:03:00, date: 05/30/22
May 30 02:03:00 MyFirstLinuxVM kernel: NET: Registered protocol family 16
May 30 02:03:00 MyFirstLinuxVM kernel: cpuidle: using governor haltpoll
May 30 02:03:00 MyFirstLinuxVM kernel: ACPI: bus type PCI registered
May 30 02:03:00 MyFirstLinuxVM kernel: acpiphp: ACPI Hot Plug PCI Controller Driver version: 0.5
May 30 02:03:00 MyFirstLinuxVM kernel: PCI: Using configuration type 1 for base access
May 30 02:03:00 MyFirstLinuxVM kernel: ACPI: Added _OSI(Module Device)
May 30 02:03:00 MyFirstLinuxVM kernel: ACPI: Added _OSI(Processor Device)
May 30 02:03:00 MyFirstLinuxVM kernel: ACPI: Added _OSI(3.0 _SCP Extensions)
May 30 02:03:00 MyFirstLinuxVM kernel: ACPI: Added _OSI(Processor Aggregator Device)
May 30 02:03:00 MyFirstLinuxVM kernel: ACPI: Added _OSI(Linux-Dell-Video)
May 30 02:03:00 MyFirstLinuxVM kernel: ACPI: Executed 1 blocks of module-level executable AML code
May 30 02:03:00 MyFirstLinuxVM kernel: ACPI: Interpreter enabled
May 30 02:03:00 MyFirstLinuxVM kernel: ACPI: (supports S0 S5)
May 30 02:03:00 MyFirstLinuxVM kernel: ACPI: Using IOAPIC for interrupt routing
May 30 02:03:00 MyFirstLinuxVM kernel: PCI: Using host bridge windows from ACPI; if necessary, use "pci=nocrs" and report a bug
May 30 02:03:00 MyFirstLinuxVM kernel: ACPI: Enabled 2 GPEs in block 00 to 07
May 30 02:03:00 MyFirstLinuxVM kernel: ACPI: PCI Root Bridge [PCI0] (domain 0000 [bus 00-ff])
May 30 02:03:00 MyFirstLinuxVM kernel: acpi PNP0A03:00: _OSC: OS supports [ASPM ClockPM Segments MSI]
May 30 02:03:00 MyFirstLinuxVM kernel: acpi PNP0A03:00: _OSC: not requesting OS control; OS requires [ExtendedConfig ASPM ClockPM MSI]
May 30 02:03:00 MyFirstLinuxVM kernel: acpi PNP0A03:00: fail to add MMCONFIG information, can't access extended PCI configuration space under this bridge.
May 30 02:03:00 MyFirstLinuxVM kernel: PCI host bridge to bus 0000:00
May 30 02:03:00 MyFirstLinuxVM kernel: pci_bus 0000:00: root bus resource [io  0x0000-0x0cf7 window]
May 30 02:03:00 MyFirstLinuxVM kernel: pci_bus 0000:00: root bus resource [io  0x0d00-0xffff window]
May 30 02:03:00 MyFirstLinuxVM kernel: pci_bus 0000:00: root bus resource [mem 0x000a0000-0x000bffff window]
May 30 02:03:00 MyFirstLinuxVM kernel: pci_bus 0000:00: root bus resource [mem 0x40000000-0xfdffffff window]
May 30 02:03:00 MyFirstLinuxVM kernel: pci_bus 0000:00: root bus resource [bus 00-ff]
May 30 02:03:00 MyFirstLinuxVM kernel: pci 0000:00:01.1: legacy IDE quirk: reg 0x10: [io  0x01f0-0x01f7]
May 30 02:03:00 MyFirstLinuxVM kernel: pci 0000:00:01.1: legacy IDE quirk: reg 0x14: [io  0x03f6]
May 30 02:03:00 MyFirstLinuxVM kernel: pci 0000:00:01.1: legacy IDE quirk: reg 0x18: [io  0x0170-0x0177]
May 30 02:03:00 MyFirstLinuxVM kernel: pci 0000:00:01.1: legacy IDE quirk: reg 0x1c: [io  0x0376]
May 30 02:03:00 MyFirstLinuxVM kernel: pci 0000:00:07.0: quirk: [io  0x4000-0x403f] claimed by PIIX4 ACPI
May 30 02:03:00 MyFirstLinuxVM kernel: pci 0000:00:07.0: quirk: [io  0x4100-0x410f] claimed by PIIX4 SMB
May 30 02:03:00 MyFirstLinuxVM kernel: ACPI: PCI Interrupt Link [LNKA] (IRQs 5 9 10 *11)
May 30 02:03:00 MyFirstLinuxVM kernel: ACPI: PCI Interrupt Link [LNKB] (IRQs 5 9 *10 11)
May 30 02:03:00 MyFirstLinuxVM kernel: ACPI: PCI Interrupt Link [LNKC] (IRQs 5 *9 10 11)
May 30 02:03:00 MyFirstLinuxVM kernel: ACPI: PCI Interrupt Link [LNKD] (IRQs 5 9 10 *11)
May 30 02:03:00 MyFirstLinuxVM kernel: vgaarb: device added: PCI:0000:00:02.0,decodes=io+mem,owns=io+mem,locks=none
May 30 02:03:00 MyFirstLinuxVM kernel: vgaarb: loaded
May 30 02:03:00 MyFirstLinuxVM kernel: vgaarb: bridge control possible 0000:00:02.0
May 30 02:03:00 MyFirstLinuxVM kernel: SCSI subsystem initialized
May 30 02:03:00 MyFirstLinuxVM kernel: ACPI: bus type USB registered
May 30 02:03:00 MyFirstLinuxVM kernel: usbcore: registered new interface driver usbfs
May 30 02:03:00 MyFirstLinuxVM kernel: usbcore: registered new interface driver hub
May 30 02:03:00 MyFirstLinuxVM kernel: usbcore: registered new device driver usb
May 30 02:03:00 MyFirstLinuxVM kernel: EDAC MC: Ver: 3.0.0
May 30 02:03:00 MyFirstLinuxVM kernel: PCI: Using ACPI for IRQ routing
May 30 02:03:00 MyFirstLinuxVM kernel: NetLabel: Initializing
May 30 02:03:00 MyFirstLinuxVM kernel: NetLabel:  domain hash size = 128
May 30 02:03:00 MyFirstLinuxVM kernel: NetLabel:  protocols = UNLABELED CIPSOv4
May 30 02:03:00 MyFirstLinuxVM kernel: NetLabel:  unlabeled traffic allowed by default
May 30 02:03:00 MyFirstLinuxVM kernel: amd_nb: Cannot enumerate AMD northbridges
May 30 02:03:00 MyFirstLinuxVM kernel: Switched to clocksource kvm-clock
May 30 02:03:00 MyFirstLinuxVM kernel: pnp: PnP ACPI init
May 30 02:03:00 MyFirstLinuxVM kernel: ACPI: bus type PNP registered
May 30 02:03:00 MyFirstLinuxVM kernel: pnp: PnP ACPI: found 2 devices
May 30 02:03:00 MyFirstLinuxVM kernel: ACPI: bus type PNP unregistered
May 30 02:03:00 MyFirstLinuxVM kernel: NET: Registered protocol family 2
May 30 02:03:00 MyFirstLinuxVM kernel: TCP established hash table entries: 8192 (order: 4, 65536 bytes)
May 30 02:03:00 MyFirstLinuxVM kernel: TCP bind hash table entries: 8192 (order: 5, 131072 bytes)
May 30 02:03:00 MyFirstLinuxVM kernel: TCP: Hash tables configured (established 8192 bind 8192)
May 30 02:03:00 MyFirstLinuxVM kernel: TCP: reno registered
May 30 02:03:00 MyFirstLinuxVM kernel: UDP hash table entries: 512 (order: 2, 16384 bytes)
May 30 02:03:00 MyFirstLinuxVM kernel: UDP-Lite hash table entries: 512 (order: 2, 16384 bytes)
May 30 02:03:00 MyFirstLinuxVM kernel: NET: Registered protocol family 1
May 30 02:03:00 MyFirstLinuxVM kernel: pci 0000:00:00.0: Limiting direct PCI/PCI transfers
May 30 02:03:00 MyFirstLinuxVM kernel: pci 0000:00:01.0: Activating ISA DMA hang workarounds
May 30 02:03:00 MyFirstLinuxVM kernel: Unpacking initramfs...
May 30 02:03:00 MyFirstLinuxVM kernel: Freeing initrd memory: 31184k freed
May 30 02:03:00 MyFirstLinuxVM kernel: RAPL PMU: API unit is 2^-32 Joules, 4 fixed counters, 335544320 ms ovfl timer
May 30 02:03:00 MyFirstLinuxVM kernel: RAPL PMU: hw unit of domain pp0-core 2^-5 Joules
May 30 02:03:00 MyFirstLinuxVM kernel: RAPL PMU: hw unit of domain package 2^-5 Joules
May 30 02:03:00 MyFirstLinuxVM kernel: RAPL PMU: hw unit of domain dram 2^-5 Joules
May 30 02:03:00 MyFirstLinuxVM kernel: RAPL PMU: hw unit of domain pp1-gpu 2^-5 Joules
May 30 02:03:00 MyFirstLinuxVM kernel: platform rtc_cmos: registered platform RTC device (no PNP device found)
May 30 02:03:00 MyFirstLinuxVM kernel: sha1_ssse3: Using SSSE3 optimized SHA-1 implementation
May 30 02:03:00 MyFirstLinuxVM kernel: sha256_ssse3: Using SSSE3 optimized SHA-256 implementation
May 30 02:03:00 MyFirstLinuxVM kernel: futex hash table entries: 256 (order: 2, 16384 bytes)
May 30 02:03:00 MyFirstLinuxVM kernel: Initialise system trusted keyring
May 30 02:03:00 MyFirstLinuxVM kernel: audit: initializing netlink socket (disabled)
May 30 02:03:00 MyFirstLinuxVM kernel: type=2000 audit(1653892207.896:1): initialized
May 30 02:03:00 MyFirstLinuxVM kernel: HugeTLB registered 2 MB page size, pre-allocated 0 pages
May 30 02:03:00 MyFirstLinuxVM kernel: zpool: loaded
May 30 02:03:00 MyFirstLinuxVM kernel: zbud: loaded
May 30 02:03:00 MyFirstLinuxVM kernel: VFS: Disk quotas dquot_6.5.2
May 30 02:03:00 MyFirstLinuxVM kernel: Dquot-cache hash table entries: 512 (order 0, 4096 bytes)
May 30 02:03:00 MyFirstLinuxVM kernel: Key type big_key registered
May 30 02:03:00 MyFirstLinuxVM kernel: NET: Registered protocol family 38
May 30 02:03:00 MyFirstLinuxVM kernel: Key type asymmetric registered
May 30 02:03:00 MyFirstLinuxVM kernel: Asymmetric key parser 'x509' registered
May 30 02:03:00 MyFirstLinuxVM kernel: Block layer SCSI generic (bsg) driver version 0.4 loaded (major 248)
May 30 02:03:00 MyFirstLinuxVM kernel: io scheduler noop registered
May 30 02:03:00 MyFirstLinuxVM kernel: io scheduler deadline registered (default)
May 30 02:03:00 MyFirstLinuxVM kernel: io scheduler cfq registered
May 30 02:03:00 MyFirstLinuxVM kernel: io scheduler mq-deadline registered
May 30 02:03:00 MyFirstLinuxVM kernel: io scheduler kyber registered
May 30 02:03:00 MyFirstLinuxVM kernel: pci_hotplug: PCI Hot Plug PCI Core version: 0.5
May 30 02:03:00 MyFirstLinuxVM kernel: pciehp: PCI Express Hot Plug Controller Driver version: 0.4
May 30 02:03:00 MyFirstLinuxVM kernel: shpchp: Standard Hot Plug PCI Controller Driver version: 0.4
May 30 02:03:00 MyFirstLinuxVM kernel: ACPI: AC Adapter [AC] (off-line)
May 30 02:03:00 MyFirstLinuxVM kernel: input: Power Button as /devices/LNXSYSTM:00/LNXPWRBN:00/input/input0
May 30 02:03:00 MyFirstLinuxVM kernel: ACPI: Power Button [PWRF]
May 30 02:03:00 MyFirstLinuxVM kernel: input: Sleep Button as /devices/LNXSYSTM:00/LNXSLPBN:00/input/input1
May 30 02:03:00 MyFirstLinuxVM kernel: ACPI: Sleep Button [SLPF]
May 30 02:03:00 MyFirstLinuxVM kernel: GHES: HEST is not enabled!
May 30 02:03:00 MyFirstLinuxVM kernel: Serial: 8250/16550 driver, 4 ports, IRQ sharing enabled
May 30 02:03:00 MyFirstLinuxVM kernel: Non-volatile memory driver v1.3
May 30 02:03:00 MyFirstLinuxVM kernel: Linux agpgart interface v0.103
May 30 02:03:00 MyFirstLinuxVM kernel: crash memory driver: version 1.1
May 30 02:03:00 MyFirstLinuxVM kernel: rdac: device handler registered
May 30 02:03:00 MyFirstLinuxVM kernel: hp_sw: device handler registered
May 30 02:03:00 MyFirstLinuxVM kernel: emc: device handler registered
May 30 02:03:00 MyFirstLinuxVM kernel: ACPI: Battery Slot [BAT0] (battery present)
May 30 02:03:00 MyFirstLinuxVM kernel: alua: device handler registered
May 30 02:03:00 MyFirstLinuxVM kernel: libphy: Fixed MDIO Bus: probed
May 30 02:03:00 MyFirstLinuxVM kernel: ehci_hcd: USB 2.0 'Enhanced' Host Controller (EHCI) Driver
May 30 02:03:00 MyFirstLinuxVM kernel: ehci-pci: EHCI PCI platform driver
May 30 02:03:00 MyFirstLinuxVM kernel: ohci_hcd: USB 1.1 'Open' Host Controller (OHCI) Driver
May 30 02:03:00 MyFirstLinuxVM kernel: ohci-pci: OHCI PCI platform driver
May 30 02:03:00 MyFirstLinuxVM kernel: ohci-pci 0000:00:06.0: OHCI PCI host controller
May 30 02:03:00 MyFirstLinuxVM kernel: ohci-pci 0000:00:06.0: new USB bus registered, assigned bus number 1
May 30 02:03:00 MyFirstLinuxVM kernel: ohci-pci 0000:00:06.0: irq 22, io mem 0xf0804000
May 30 02:03:00 MyFirstLinuxVM kernel: usb usb1: New USB device found, idVendor=1d6b, idProduct=0001, bcdDevice= 3.10
May 30 02:03:00 MyFirstLinuxVM kernel: usb usb1: New USB device strings: Mfr=3, Product=2, SerialNumber=1
May 30 02:03:00 MyFirstLinuxVM kernel: usb usb1: Product: OHCI PCI host controller
May 30 02:03:00 MyFirstLinuxVM kernel: usb usb1: Manufacturer: Linux 3.10.0-1160.el7.x86_64 ohci_hcd
May 30 02:03:00 MyFirstLinuxVM kernel: usb usb1: SerialNumber: 0000:00:06.0
May 30 02:03:00 MyFirstLinuxVM kernel: hub 1-0:1.0: USB hub found
May 30 02:03:00 MyFirstLinuxVM kernel: hub 1-0:1.0: 12 ports detected
May 30 02:03:00 MyFirstLinuxVM kernel: uhci_hcd: USB Universal Host Controller Interface driver
May 30 02:03:00 MyFirstLinuxVM kernel: usbcore: registered new interface driver usbserial_generic
May 30 02:03:00 MyFirstLinuxVM kernel: usbserial: USB Serial support registered for generic
May 30 02:03:00 MyFirstLinuxVM kernel: i8042: PNP: PS/2 Controller [PNP0303:PS2K,PNP0f03:PS2M] at 0x60,0x64 irq 1,12
May 30 02:03:00 MyFirstLinuxVM kernel: serio: i8042 KBD port at 0x60,0x64 irq 1
May 30 02:03:00 MyFirstLinuxVM kernel: serio: i8042 AUX port at 0x60,0x64 irq 12
May 30 02:03:00 MyFirstLinuxVM kernel: mousedev: PS/2 mouse device common for all mice
May 30 02:03:00 MyFirstLinuxVM kernel: input: AT Translated Set 2 keyboard as /devices/platform/i8042/serio0/input/input2
May 30 02:03:00 MyFirstLinuxVM kernel: rtc_cmos rtc_cmos: rtc core: registered rtc_cmos as rtc0
May 30 02:03:00 MyFirstLinuxVM kernel: rtc_cmos rtc_cmos: alarms up to one day, 114 bytes nvram
May 30 02:03:00 MyFirstLinuxVM kernel: hidraw: raw HID events driver (C) Jiri Kosina
May 30 02:03:00 MyFirstLinuxVM kernel: usbcore: registered new interface driver usbhid
May 30 02:03:00 MyFirstLinuxVM kernel: usbhid: USB HID core driver
May 30 02:03:00 MyFirstLinuxVM kernel: drop_monitor: Initializing network drop monitor service
May 30 02:03:00 MyFirstLinuxVM kernel: TCP: cubic registered
May 30 02:03:00 MyFirstLinuxVM kernel: Initializing XFRM netlink socket
May 30 02:03:00 MyFirstLinuxVM kernel: NET: Registered protocol family 10
May 30 02:03:00 MyFirstLinuxVM kernel: NET: Registered protocol family 17
May 30 02:03:00 MyFirstLinuxVM kernel: mpls_gso: MPLS GSO support
May 30 02:03:00 MyFirstLinuxVM kernel: mce: Using 0 MCE banks
May 30 02:03:00 MyFirstLinuxVM kernel: Loading compiled-in X.509 certificates
May 30 02:03:00 MyFirstLinuxVM kernel: Loaded X.509 cert 'CentOS Linux kpatch signing key: ea0413152cde1d98ebdca3fe6f0230904c9ef717'
May 30 02:03:00 MyFirstLinuxVM kernel: Loaded X.509 cert 'CentOS Linux Driver update signing key: 7f421ee0ab69461574bb358861dbe77762a4201b'
May 30 02:03:00 MyFirstLinuxVM kernel: Loaded X.509 cert 'CentOS Linux kernel signing key: e1fdb0e2a7e861a1d1ca80a23dcf0dba3aa4adf5'
May 30 02:03:00 MyFirstLinuxVM kernel: registered taskstats version 1
May 30 02:03:00 MyFirstLinuxVM kernel: page_owner is disabled
May 30 02:03:00 MyFirstLinuxVM kernel: Key type trusted registered
May 30 02:03:00 MyFirstLinuxVM kernel: Key type encrypted registered
May 30 02:03:00 MyFirstLinuxVM kernel: IMA: No TPM chip found, activating TPM-bypass! (rc=-19)
May 30 02:03:00 MyFirstLinuxVM kernel: BERT: Boot Error Record Table support is disabled. Enable it by using bert_enable as kernel parameter.
May 30 02:03:00 MyFirstLinuxVM kernel:  Magic number: 6:396:65
May 30 02:03:00 MyFirstLinuxVM kernel: rtc_cmos rtc_cmos: setting system clock to 2022-05-30 06:03:00 UTC (1653890580)
May 30 02:03:00 MyFirstLinuxVM kernel: Freeing unused kernel memory: 1984k freed
May 30 02:03:00 MyFirstLinuxVM kernel: Write protecting the kernel read-only data: 12288k
May 30 02:03:00 MyFirstLinuxVM kernel: Freeing unused kernel memory: 392k freed
May 30 02:03:00 MyFirstLinuxVM kernel: Freeing unused kernel memory: 536k freed
May 30 02:03:00 MyFirstLinuxVM kernel: random: systemd: uninitialized urandom read (16 bytes read)
May 30 02:03:00 MyFirstLinuxVM kernel: random: systemd: uninitialized urandom read (16 bytes read)
May 30 02:03:00 MyFirstLinuxVM kernel: random: systemd: uninitialized urandom read (16 bytes read)
May 30 02:03:00 MyFirstLinuxVM systemd[1]: systemd 219 running in system mode. (+PAM +AUDIT +SELINUX +IMA -APPARMOR +SMACK +SYSVINIT +UTMP +LIBCRYPTSETUP +GCRYPT +GNUTLS +ACL +XZ +LZ4 -SECCOMP +BLKID +ELFUTILS +KMOD +IDN)
May 30 02:03:00 MyFirstLinuxVM systemd[1]: Detected virtualization kvm.
May 30 02:03:00 MyFirstLinuxVM systemd[1]: Detected architecture x86-64.
May 30 02:03:00 MyFirstLinuxVM systemd[1]: Running in initial RAM disk.
May 30 02:03:00 MyFirstLinuxVM systemd[1]: Set hostname to <MyFirstLinuxVM>.
May 30 02:03:00 MyFirstLinuxVM kernel: random: systemd: uninitialized urandom read (16 bytes read)
May 30 02:03:00 MyFirstLinuxVM kernel: random: systemd: uninitialized urandom read (16 bytes read)
May 30 02:03:00 MyFirstLinuxVM kernel: random: systemd: uninitialized urandom read (16 bytes read)
May 30 02:03:00 MyFirstLinuxVM kernel: random: systemd: uninitialized urandom read (16 bytes read)
May 30 02:03:00 MyFirstLinuxVM kernel: random: systemd: uninitialized urandom read (16 bytes read)
May 30 02:03:00 MyFirstLinuxVM kernel: random: systemd: uninitialized urandom read (16 bytes read)
May 30 02:03:00 MyFirstLinuxVM kernel: random: systemd: uninitialized urandom read (16 bytes read)
May 30 02:03:00 MyFirstLinuxVM systemd[1]: Reached target Timers.
May 30 02:03:00 MyFirstLinuxVM systemd[1]: Reached target Swap.
May 30 02:03:00 MyFirstLinuxVM systemd[1]: Reached target Local File Systems.
May 30 02:03:00 MyFirstLinuxVM systemd[1]: Created slice Root Slice.
May 30 02:03:00 MyFirstLinuxVM systemd[1]: Listening on Journal Socket.
May 30 02:03:00 MyFirstLinuxVM systemd[1]: Listening on udev Control Socket.
May 30 02:03:00 MyFirstLinuxVM systemd[1]: Created slice System Slice.
May 30 02:03:00 MyFirstLinuxVM systemd[1]: Starting Journal Service...
May 30 02:03:00 MyFirstLinuxVM systemd[1]: Starting Create list of required static device nodes for the current kernel...
May 30 02:03:00 MyFirstLinuxVM systemd[1]: Starting dracut cmdline hook...
May 30 02:03:00 MyFirstLinuxVM systemd[1]: Starting Load Kernel Modules...
May 30 02:03:00 MyFirstLinuxVM systemd[1]: Starting Setup Virtual Console...
May 30 02:03:00 MyFirstLinuxVM systemd[1]: Listening on udev Kernel Socket.
May 30 02:03:00 MyFirstLinuxVM systemd[1]: Reached target Sockets.
May 30 02:03:00 MyFirstLinuxVM systemd[1]: Reached target Slices.
May 30 02:03:00 MyFirstLinuxVM systemd[1]: Started Create list of required static device nodes for the current kernel.
May 30 02:03:00 MyFirstLinuxVM systemd[1]: Starting Create Static Device Nodes in /dev...
May 30 02:03:00 MyFirstLinuxVM systemd[1]: Started Create Static Device Nodes in /dev.
May 30 02:03:00 MyFirstLinuxVM kernel: psmouse serio1: alps: Unknown ALPS touchpad: E7=10 00 64, EC=10 00 64
May 30 02:03:00 MyFirstLinuxVM kernel: input: ImExPS/2 Generic Explorer Mouse as /devices/platform/i8042/serio1/input/input3
May 30 02:03:00 MyFirstLinuxVM kernel: fuse init (API version 7.23)
May 30 02:03:00 MyFirstLinuxVM systemd[1]: Started Load Kernel Modules.
May 30 02:03:00 MyFirstLinuxVM systemd[1]: Starting Apply Kernel Variables...
May 30 02:03:00 MyFirstLinuxVM systemd[1]: Started Apply Kernel Variables.
May 30 02:03:00 MyFirstLinuxVM journal: Journal started
May 30 02:03:00 MyFirstLinuxVM systemd[1]: Started Journal Service.
May 30 02:03:00 MyFirstLinuxVM systemd-modules-load: Inserted module 'fuse'
May 30 02:03:00 MyFirstLinuxVM systemd: Started Setup Virtual Console.
May 30 02:03:00 MyFirstLinuxVM kernel: usb 1-1: new full-speed USB device number 2 using ohci-pci
May 30 02:03:01 MyFirstLinuxVM systemd: Started dracut cmdline hook.
May 30 02:03:01 MyFirstLinuxVM systemd: Starting dracut pre-udev hook...
May 30 02:03:01 MyFirstLinuxVM kernel: device-mapper: uevent: version 1.0.3
May 30 02:03:01 MyFirstLinuxVM kernel: device-mapper: ioctl: 4.37.1-ioctl (2018-04-03) initialised: dm-devel@redhat.com
May 30 02:03:01 MyFirstLinuxVM systemd: Started dracut pre-udev hook.
May 30 02:03:01 MyFirstLinuxVM systemd: Starting udev Kernel Device Manager...
May 30 02:03:01 MyFirstLinuxVM systemd-udevd: starting version 219
May 30 02:03:01 MyFirstLinuxVM systemd: Started udev Kernel Device Manager.
May 30 02:03:01 MyFirstLinuxVM systemd: Starting udev Coldplug all Devices...
May 30 02:03:01 MyFirstLinuxVM systemd: Mounting Configuration File System...
May 30 02:03:01 MyFirstLinuxVM systemd: Mounted Configuration File System.
May 30 02:03:01 MyFirstLinuxVM kernel: usb 1-1: New USB device found, idVendor=80ee, idProduct=0021, bcdDevice= 1.00
May 30 02:03:01 MyFirstLinuxVM kernel: usb 1-1: New USB device strings: Mfr=1, Product=3, SerialNumber=0
May 30 02:03:01 MyFirstLinuxVM kernel: usb 1-1: Product: USB Tablet
May 30 02:03:01 MyFirstLinuxVM kernel: usb 1-1: Manufacturer: VirtualBox
May 30 02:03:01 MyFirstLinuxVM kernel: input: VirtualBox USB Tablet as /devices/pci0000:00/0000:00:06.0/usb1/1-1/1-1:1.0/input/input4
May 30 02:03:01 MyFirstLinuxVM kernel: hid-generic 0003:80EE:0021.0001: input,hidraw0: USB HID v1.10 Mouse [VirtualBox USB Tablet] on usb-0000:00:06.0-1/input0
May 30 02:03:01 MyFirstLinuxVM systemd: Started udev Coldplug all Devices.
May 30 02:03:01 MyFirstLinuxVM systemd: Starting dracut initqueue hook...
May 30 02:03:01 MyFirstLinuxVM systemd: Reached target System Initialization.
May 30 02:03:01 MyFirstLinuxVM systemd: Starting Show Plymouth Boot Screen...
May 30 02:03:01 MyFirstLinuxVM kernel: e1000: Intel(R) PRO/1000 Network Driver - version 7.3.21-k8-NAPI
May 30 02:03:01 MyFirstLinuxVM kernel: e1000: Copyright (c) 1999-2006 Intel Corporation.
May 30 02:03:01 MyFirstLinuxVM systemd: Started Show Plymouth Boot Screen.
May 30 02:03:01 MyFirstLinuxVM systemd: Reached target Paths.
May 30 02:03:01 MyFirstLinuxVM systemd: Started Forward Password Requests to Plymouth Directory Watch.
May 30 02:03:01 MyFirstLinuxVM systemd: Reached target Basic System.
May 30 02:03:02 MyFirstLinuxVM kernel: e1000 0000:00:03.0 eth0: (PCI:33MHz:32-bit) 08:00:27:77:02:05
May 30 02:03:02 MyFirstLinuxVM kernel: e1000 0000:00:03.0 eth0: Intel(R) PRO/1000 Network Connection
May 30 02:03:02 MyFirstLinuxVM kernel: scsi host0: ata_piix
May 30 02:03:02 MyFirstLinuxVM kernel: scsi host1: ata_piix
May 30 02:03:02 MyFirstLinuxVM kernel: ata1: PATA max UDMA/33 cmd 0x1f0 ctl 0x3f6 bmdma 0xd000 irq 14
May 30 02:03:02 MyFirstLinuxVM kernel: ata2: PATA max UDMA/33 cmd 0x170 ctl 0x376 bmdma 0xd008 irq 15
May 30 02:03:02 MyFirstLinuxVM kernel: ahci 0000:00:0d.0: SSS flag set, parallel bus scan disabled
May 30 02:03:02 MyFirstLinuxVM kernel: ahci 0000:00:0d.0: AHCI 0001.0100 32 slots 1 ports 3 Gbps 0x1 impl SATA mode
May 30 02:03:02 MyFirstLinuxVM kernel: ahci 0000:00:0d.0: flags: 64bit ncq stag only ccc 
May 30 02:03:02 MyFirstLinuxVM kernel: scsi host2: ahci
May 30 02:03:02 MyFirstLinuxVM kernel: ata3: SATA max UDMA/133 abar m8192@0xf0806000 port 0xf0806100 irq 21
May 30 02:03:02 MyFirstLinuxVM kernel: [drm] DMA map mode: Keeping DMA mappings.
May 30 02:03:02 MyFirstLinuxVM kernel: [drm] Capabilities:
May 30 02:03:02 MyFirstLinuxVM kernel: [drm]   Cursor.
May 30 02:03:02 MyFirstLinuxVM kernel: [drm]   Cursor bypass 2.
May 30 02:03:02 MyFirstLinuxVM kernel: [drm]   Alpha cursor.
May 30 02:03:02 MyFirstLinuxVM kernel: [drm]   3D.
May 30 02:03:02 MyFirstLinuxVM kernel: [drm]   Extended Fifo.
May 30 02:03:02 MyFirstLinuxVM kernel: [drm]   Pitchlock.
May 30 02:03:02 MyFirstLinuxVM kernel: [drm]   Irq mask.
May 30 02:03:02 MyFirstLinuxVM kernel: [drm]   GMR.
May 30 02:03:02 MyFirstLinuxVM kernel: [drm]   Traces.
May 30 02:03:02 MyFirstLinuxVM kernel: [drm]   GMR2.
May 30 02:03:02 MyFirstLinuxVM kernel: [drm]   Screen Object 2.
May 30 02:03:02 MyFirstLinuxVM kernel: [drm] Max GMR ids is 8192
May 30 02:03:02 MyFirstLinuxVM kernel: [drm] Max number of GMR pages is 1048576
May 30 02:03:02 MyFirstLinuxVM kernel: [drm] Max dedicated hypervisor surface memory is 507904 kiB
May 30 02:03:02 MyFirstLinuxVM kernel: [drm] Maximum display memory size is 16384 kiB
May 30 02:03:02 MyFirstLinuxVM kernel: [drm] VRAM at 0xe0000000 size is 16384 kiB
May 30 02:03:02 MyFirstLinuxVM kernel: [drm] MMIO at 0xf0000000 size is 2048 kiB
May 30 02:03:02 MyFirstLinuxVM kernel: [TTM] Zone  kernel: Available graphics memory: 507378 kiB
May 30 02:03:02 MyFirstLinuxVM kernel: [TTM] Initializing pool allocator
May 30 02:03:02 MyFirstLinuxVM kernel: [TTM] Initializing DMA pool allocator
May 30 02:03:02 MyFirstLinuxVM kernel: [drm] Supports vblank timestamp caching Rev 2 (21.10.2013).
May 30 02:03:02 MyFirstLinuxVM kernel: [drm] No driver support for vblank timestamp query.
May 30 02:03:02 MyFirstLinuxVM kernel: [drm] Screen Objects Display Unit initialized
May 30 02:03:02 MyFirstLinuxVM kernel: [drm] width 720
May 30 02:03:02 MyFirstLinuxVM kernel: [drm] height 400
May 30 02:03:02 MyFirstLinuxVM kernel: [drm] bpp 32
May 30 02:03:02 MyFirstLinuxVM kernel: [drm] Fifo max 0x00200000 min 0x00001000 cap 0x00000355
May 30 02:03:02 MyFirstLinuxVM kernel: [drm] DX: no.
May 30 02:03:02 MyFirstLinuxVM kernel: [drm] Atomic: yes.
May 30 02:03:02 MyFirstLinuxVM kernel: [drm] SM4_1: no.
May 30 02:03:02 MyFirstLinuxVM kernel: [drm:vmw_host_log [vmwgfx]] *ERROR* Failed to send host log message.
May 30 02:03:02 MyFirstLinuxVM kernel: [drm:vmw_host_log [vmwgfx]] *ERROR* Failed to send host log message.
May 30 02:03:02 MyFirstLinuxVM kernel: fbcon: svgadrmfb (fb0) is primary device
May 30 02:03:02 MyFirstLinuxVM kernel: Console: switching to colour frame buffer device 100x37
May 30 02:03:02 MyFirstLinuxVM kernel: [drm] Initialized vmwgfx 2.15.0 20180704 for 0000:00:02.0 on minor 0
May 30 02:03:02 MyFirstLinuxVM kernel: ata2.00: ATAPI: VBOX CD-ROM, 1.0, max UDMA/133
May 30 02:03:02 MyFirstLinuxVM kernel: ata2.00: configured for UDMA/33
May 30 02:03:02 MyFirstLinuxVM kernel: scsi 1:0:0:0: CD-ROM            VBOX     CD-ROM           1.0  PQ: 0 ANSI: 5
May 30 02:03:02 MyFirstLinuxVM kernel: ata3: SATA link up 3.0 Gbps (SStatus 123 SControl 300)
May 30 02:03:02 MyFirstLinuxVM kernel: ata3.00: ATA-6: VBOX HARDDISK, 1.0, max UDMA/133
May 30 02:03:02 MyFirstLinuxVM kernel: ata3.00: 20971520 sectors, multi 128: LBA48 NCQ (depth 31/32)
May 30 02:03:02 MyFirstLinuxVM kernel: ata3.00: configured for UDMA/133
May 30 02:03:02 MyFirstLinuxVM kernel: scsi 2:0:0:0: Direct-Access     ATA      VBOX HARDDISK    1.0  PQ: 0 ANSI: 5
May 30 02:03:02 MyFirstLinuxVM kernel: sd 2:0:0:0: [sda] 20971520 512-byte logical blocks: (10.7 GB/10.0 GiB)
May 30 02:03:02 MyFirstLinuxVM kernel: sd 2:0:0:0: [sda] Write Protect is off
May 30 02:03:02 MyFirstLinuxVM kernel: sd 2:0:0:0: [sda] Write cache: enabled, read cache: enabled, doesn't support DPO or FUA
May 30 02:03:02 MyFirstLinuxVM kernel: sr 1:0:0:0: [sr0] scsi3-mmc drive: 32x/32x xa/form2 tray
May 30 02:03:02 MyFirstLinuxVM kernel: cdrom: Uniform CD-ROM driver Revision: 3.20
May 30 02:03:02 MyFirstLinuxVM kernel: sda: sda1 sda2
May 30 02:03:02 MyFirstLinuxVM kernel: sd 2:0:0:0: [sda] Attached SCSI disk
May 30 02:03:02 MyFirstLinuxVM kernel: random: fast init done
May 30 02:03:03 MyFirstLinuxVM systemd: Found device /dev/mapper/centos-root.
May 30 02:03:03 MyFirstLinuxVM systemd: Starting File System Check on /dev/mapper/centos-root...
May 30 02:03:03 MyFirstLinuxVM systemd-fsck: /sbin/fsck.xfs: XFS file system.
May 30 02:03:03 MyFirstLinuxVM systemd: Started File System Check on /dev/mapper/centos-root.
May 30 02:03:03 MyFirstLinuxVM systemd: Started dracut initqueue hook.
May 30 02:03:03 MyFirstLinuxVM systemd: Mounting /sysroot...
May 30 02:03:03 MyFirstLinuxVM systemd: Reached target Remote File Systems (Pre).
May 30 02:03:03 MyFirstLinuxVM systemd: Reached target Remote File Systems.
May 30 02:03:03 MyFirstLinuxVM kernel: SGI XFS with ACLs, security attributes, no debug enabled
May 30 02:03:03 MyFirstLinuxVM kernel: XFS (dm-0): Mounting V5 Filesystem
May 30 02:03:03 MyFirstLinuxVM kernel: XFS (dm-0): Ending clean mount
May 30 02:03:03 MyFirstLinuxVM systemd: Mounted /sysroot.
May 30 02:03:03 MyFirstLinuxVM systemd: Reached target Initrd Root File System.
May 30 02:03:03 MyFirstLinuxVM systemd: Starting Reload Configuration from the Real Root...
May 30 02:03:03 MyFirstLinuxVM systemd: Reloading.
May 30 02:03:03 MyFirstLinuxVM kernel: random: crng init done
May 30 02:03:04 MyFirstLinuxVM systemd: Started Reload Configuration from the Real Root.
May 30 02:03:04 MyFirstLinuxVM systemd: Reached target Initrd File Systems.
May 30 02:03:04 MyFirstLinuxVM systemd: Reached target Initrd Default Target.
May 30 02:03:04 MyFirstLinuxVM systemd: Starting dracut pre-pivot and cleanup hook...
May 30 02:03:04 MyFirstLinuxVM systemd: Started dracut pre-pivot and cleanup hook.
May 30 02:03:04 MyFirstLinuxVM systemd: Starting Cleaning Up and Shutting Down Daemons...
May 30 02:03:04 MyFirstLinuxVM systemd: Starting Plymouth switch root service...
May 30 02:03:04 MyFirstLinuxVM systemd: Stopped dracut pre-pivot and cleanup hook.
May 30 02:03:04 MyFirstLinuxVM systemd: Stopped target Remote File Systems.
May 30 02:03:04 MyFirstLinuxVM systemd: Stopped target Remote File Systems (Pre).
May 30 02:03:04 MyFirstLinuxVM systemd: Stopped dracut initqueue hook.
May 30 02:03:04 MyFirstLinuxVM systemd: Stopped target Initrd Default Target.
May 30 02:03:04 MyFirstLinuxVM systemd: Stopped target Basic System.
May 30 02:03:04 MyFirstLinuxVM systemd: Stopped target Slices.
May 30 02:03:04 MyFirstLinuxVM systemd: Stopped target System Initialization.
May 30 02:03:04 MyFirstLinuxVM systemd: Stopped target Local File Systems.
May 30 02:03:04 MyFirstLinuxVM systemd: Stopped target Swap.
May 30 02:03:04 MyFirstLinuxVM systemd: Stopped Apply Kernel Variables.
May 30 02:03:04 MyFirstLinuxVM systemd: Stopped Load Kernel Modules.
May 30 02:03:04 MyFirstLinuxVM systemd: Stopping udev Kernel Device Manager...
May 30 02:03:04 MyFirstLinuxVM systemd: Stopped udev Coldplug all Devices.
May 30 02:03:04 MyFirstLinuxVM systemd: Stopped target Paths.
May 30 02:03:04 MyFirstLinuxVM systemd: Stopped target Sockets.
May 30 02:03:04 MyFirstLinuxVM systemd: Stopped target Timers.
May 30 02:03:04 MyFirstLinuxVM systemd: Stopped udev Kernel Device Manager.
May 30 02:03:04 MyFirstLinuxVM systemd: Started Cleaning Up and Shutting Down Daemons.
May 30 02:03:04 MyFirstLinuxVM systemd: Stopped Create Static Device Nodes in /dev.
May 30 02:03:04 MyFirstLinuxVM systemd: Stopped Create list of required static device nodes for the current kernel.
May 30 02:03:04 MyFirstLinuxVM systemd: Stopped dracut pre-udev hook.
May 30 02:03:04 MyFirstLinuxVM systemd: Stopped dracut cmdline hook.
May 30 02:03:04 MyFirstLinuxVM systemd: Closed udev Kernel Socket.
May 30 02:03:04 MyFirstLinuxVM systemd: Closed udev Control Socket.
May 30 02:03:04 MyFirstLinuxVM systemd: Starting Cleanup udevd DB...
May 30 02:03:04 MyFirstLinuxVM systemd: Started Cleanup udevd DB.
May 30 02:03:04 MyFirstLinuxVM systemd: Reached target Switch Root.
May 30 02:03:04 MyFirstLinuxVM systemd: Started Plymouth switch root service.
May 30 02:03:04 MyFirstLinuxVM systemd: Starting Switch Root...
May 30 02:03:04 MyFirstLinuxVM systemd: Switching root.
May 30 02:03:04 MyFirstLinuxVM journal: Journal stopped
May 30 02:03:14 MyFirstLinuxVM journal: Runtime journal is using 6.1M (max allowed 49.5M, trying to leave 74.3M free of 489.2M available → current limit 49.5M).
May 30 02:03:14 MyFirstLinuxVM systemd-journald[89]: Received SIGTERM from PID 1 (systemd).
May 30 02:03:14 MyFirstLinuxVM kernel: type=1404 audit(1653890586.040:2): enforcing=1 old_enforcing=0 auid=4294967295 ses=4294967295
May 30 02:03:14 MyFirstLinuxVM kernel: type=1403 audit(1653890586.425:3): policy loaded auid=4294967295 ses=4294967295
May 30 02:03:14 MyFirstLinuxVM systemd[1]: Successfully loaded SELinux policy in 467.679ms.
May 30 02:03:14 MyFirstLinuxVM kernel: ip_tables: (C) 2000-2006 Netfilter Core Team
May 30 02:03:14 MyFirstLinuxVM systemd[1]: Inserted module 'ip_tables'
May 30 02:03:14 MyFirstLinuxVM systemd[1]: Relabelled /dev, /run and /sys/fs/cgroup in 35.478ms.
May 30 02:03:14 MyFirstLinuxVM journal: Journal started
May 30 02:03:14 MyFirstLinuxVM systemd: systemd 219 running in system mode. (+PAM +AUDIT +SELINUX +IMA -APPARMOR +SMACK +SYSVINIT +UTMP +LIBCRYPTSETUP +GCRYPT +GNUTLS +ACL +XZ +LZ4 -SECCOMP +BLKID +ELFUTILS +KMOD +IDN)
May 30 02:03:14 MyFirstLinuxVM systemd: Detected virtualization kvm.
May 30 02:03:14 MyFirstLinuxVM systemd: Detected architecture x86-64.
May 30 02:03:14 MyFirstLinuxVM systemd: Set hostname to <MyFirstLinuxVM>.
May 30 02:03:14 MyFirstLinuxVM systemd: Starting Flush Journal to Persistent Storage...
May 30 02:03:14 MyFirstLinuxVM systemd: Started Apply Kernel Variables.
May 30 02:03:14 MyFirstLinuxVM systemd: Started Read and set NIS domainname from /etc/sysconfig/network.
May 30 02:03:14 MyFirstLinuxVM systemd: Started LVM2 metadata daemon.
May 30 02:03:14 MyFirstLinuxVM systemd: Started Flush Journal to Persistent Storage.
May 30 02:03:15 MyFirstLinuxVM systemd: Started Configure read-only root support.
May 30 02:03:15 MyFirstLinuxVM systemd: Starting Load/Save Random Seed...
May 30 02:03:16 MyFirstLinuxVM systemd: Started Load/Save Random Seed.
May 30 02:03:16 MyFirstLinuxVM systemd: Started Create Static Device Nodes in /dev.
May 30 02:03:16 MyFirstLinuxVM systemd: Starting udev Kernel Device Manager...
May 30 02:03:16 MyFirstLinuxVM systemd-udevd: starting version 219
May 30 02:03:19 MyFirstLinuxVM systemd: Started Rebuild Hardware Database.
May 30 02:03:19 MyFirstLinuxVM systemd: Starting udev Coldplug all Devices...
May 30 02:03:19 MyFirstLinuxVM systemd: Started udev Coldplug all Devices.
May 30 02:03:19 MyFirstLinuxVM systemd: Starting udev Wait for Complete Device Initialization...
May 30 02:03:20 MyFirstLinuxVM systemd: Started udev Kernel Device Manager.
May 30 02:03:21 MyFirstLinuxVM kernel: ACPI: Video Device [GFX0] (multi-head: yes  rom: no  post: no)
May 30 02:03:21 MyFirstLinuxVM kernel: input: Video Bus as /devices/LNXSYSTM:00/device:00/PNP0A03:00/LNXVIDEO:00/input/input5
May 30 02:03:21 MyFirstLinuxVM kernel: piix4_smbus 0000:00:07.0: SMBus Host Controller at 0x4100, revision 0
May 30 02:03:21 MyFirstLinuxVM kernel: sr 1:0:0:0: Attached scsi generic sg0 type 5
May 30 02:03:21 MyFirstLinuxVM kernel: sd 2:0:0:0: Attached scsi generic sg1 type 0
May 30 02:03:21 MyFirstLinuxVM mtp-probe: checking bus 1, device 2: "/sys/devices/pci0000:00/0000:00:06.0/usb1/1-1"
May 30 02:03:21 MyFirstLinuxVM mtp-probe: bus: 1, device: 2 was not an MTP device
May 30 02:03:22 MyFirstLinuxVM kernel: input: PC Speaker as /devices/platform/pcspkr/input/input6
May 30 02:03:22 MyFirstLinuxVM kernel: cryptd: max_cpu_qlen set to 1000
May 30 02:03:22 MyFirstLinuxVM systemd: Created slice system-lvm2\x2dpvscan.slice.
May 30 02:03:22 MyFirstLinuxVM systemd: Starting LVM2 PV scan on device 8:2...
May 30 02:03:22 MyFirstLinuxVM kernel: ppdev: user-space parallel port driver
May 30 02:03:22 MyFirstLinuxVM kernel: SSE version of gcm_enc/dec engaged.
May 30 02:03:22 MyFirstLinuxVM lvm: pvscan[566] WARNING: lvmetad is being updated, retrying (setup) for 10 more seconds.
May 30 02:03:22 MyFirstLinuxVM kernel: alg: No test for __gcm-aes-aesni (__driver-gcm-aes-aesni)
May 30 02:03:22 MyFirstLinuxVM kernel: alg: No test for __generic-gcm-aes-aesni (__driver-generic-gcm-aes-aesni)
May 30 02:03:22 MyFirstLinuxVM systemd: Found device /dev/mapper/centos-swap.
May 30 02:03:22 MyFirstLinuxVM systemd: Activating swap /dev/mapper/centos-swap...
May 30 02:03:22 MyFirstLinuxVM systemd: Found device VBOX_HARDDISK 1.
May 30 02:03:22 MyFirstLinuxVM lvm: 2 logical volume(s) in volume group "centos" monitored
May 30 02:03:22 MyFirstLinuxVM systemd: Started Monitoring of LVM2 mirrors, snapshots etc. using dmeventd or progress polling.
May 30 02:03:22 MyFirstLinuxVM systemd: Reached target Local File Systems (Pre).
May 30 02:03:22 MyFirstLinuxVM systemd: Mounting /boot...
May 30 02:03:22 MyFirstLinuxVM kernel: Adding 1048572k swap on /dev/mapper/centos-swap.  Priority:-2 extents:1 across:1048572k FS
May 30 02:03:22 MyFirstLinuxVM systemd: Activated swap /dev/mapper/centos-swap.
May 30 02:03:22 MyFirstLinuxVM systemd: Reached target Swap.
May 30 02:03:23 MyFirstLinuxVM kernel: snd_intel8x0 0000:00:05.0: white list rate for 1028:0177 is 48000
May 30 02:03:23 MyFirstLinuxVM kernel: XFS (sda1): Mounting V5 Filesystem
May 30 02:03:23 MyFirstLinuxVM lvm: pvscan[566] VG centos run autoactivation.
May 30 02:03:23 MyFirstLinuxVM lvm: 2 logical volume(s) in volume group "centos" now active
May 30 02:03:24 MyFirstLinuxVM systemd: Started LVM2 PV scan on device 8:2.
May 30 02:03:24 MyFirstLinuxVM kernel: floppy0: no floppy controllers found
May 30 02:03:24 MyFirstLinuxVM kernel: work still pending
May 30 02:03:24 MyFirstLinuxVM systemd: Started udev Wait for Complete Device Initialization.
May 30 02:03:24 MyFirstLinuxVM systemd: Starting Activation of DM RAID sets...
May 30 02:03:24 MyFirstLinuxVM kernel: XFS (sda1): Ending clean mount
May 30 02:03:24 MyFirstLinuxVM systemd: Mounted /boot.
May 30 02:03:24 MyFirstLinuxVM systemd: Started Activation of DM RAID sets.
May 30 02:03:24 MyFirstLinuxVM systemd: Reached target Local File Systems.
May 30 02:03:24 MyFirstLinuxVM systemd: Starting Preprocess NFS configuration...
May 30 02:03:24 MyFirstLinuxVM systemd: Starting Tell Plymouth To Write Out Runtime Data...
May 30 02:03:24 MyFirstLinuxVM systemd: Starting Migrate local SELinux policy changes from the old store structure to the new structure...
May 30 02:03:24 MyFirstLinuxVM systemd: Starting Rebuild Journal Catalog...
May 30 02:03:24 MyFirstLinuxVM systemd: Starting Import network configuration from initramfs...
May 30 02:03:24 MyFirstLinuxVM systemd: Reached target Local Encrypted Volumes.
May 30 02:03:25 MyFirstLinuxVM systemd: Started Preprocess NFS configuration.
May 30 02:03:25 MyFirstLinuxVM systemd: Started Rebuild Journal Catalog.
May 30 02:03:25 MyFirstLinuxVM systemd: Starting Update is Completed...
May 30 02:03:25 MyFirstLinuxVM systemd: Started Tell Plymouth To Write Out Runtime Data.
May 30 02:03:25 MyFirstLinuxVM systemd: Started Import network configuration from initramfs.
May 30 02:03:25 MyFirstLinuxVM systemd: Starting Create Volatile Files and Directories...
May 30 02:03:25 MyFirstLinuxVM systemd: Started Migrate local SELinux policy changes from the old store structure to the new structure.
May 30 02:03:25 MyFirstLinuxVM systemd: Started Update is Completed.
May 30 02:03:25 MyFirstLinuxVM systemd: Started Create Volatile Files and Directories.
May 30 02:03:25 MyFirstLinuxVM systemd: Mounting RPC Pipe File System...
May 30 02:03:25 MyFirstLinuxVM systemd: Starting Security Auditing Service...
May 30 02:03:26 MyFirstLinuxVM kernel: RPC: Registered named UNIX socket transport module.
May 30 02:03:26 MyFirstLinuxVM kernel: RPC: Registered udp transport module.
May 30 02:03:26 MyFirstLinuxVM kernel: RPC: Registered tcp transport module.
May 30 02:03:26 MyFirstLinuxVM kernel: RPC: Registered tcp NFSv4.1 backchannel transport module.
May 30 02:03:26 MyFirstLinuxVM systemd: Mounted RPC Pipe File System.
May 30 02:03:26 MyFirstLinuxVM systemd: Reached target rpc_pipefs.target.
May 30 02:03:26 MyFirstLinuxVM auditd[672]: Started dispatcher: /sbin/audispd pid: 674
May 30 02:03:26 MyFirstLinuxVM kernel: type=1305 audit(1653890606.488:4): audit_pid=672 old=0 auid=4294967295 ses=4294967295 subj=system_u:system_r:auditd_t:s0 res=1
May 30 02:03:26 MyFirstLinuxVM auditd[672]: Init complete, auditd 2.8.5 listening for events (startup state enable)
May 30 02:03:26 MyFirstLinuxVM audispd: audispd initialized with q_depth=250 and 1 active plugins
May 30 02:03:28 MyFirstLinuxVM augenrules: No rules
May 30 02:03:28 MyFirstLinuxVM augenrules: enabled 1
May 30 02:03:28 MyFirstLinuxVM augenrules: failure 1
May 30 02:03:28 MyFirstLinuxVM augenrules: pid 672
May 30 02:03:28 MyFirstLinuxVM augenrules: rate_limit 0
May 30 02:03:28 MyFirstLinuxVM augenrules: backlog_limit 8192
May 30 02:03:28 MyFirstLinuxVM augenrules: lost 0
May 30 02:03:28 MyFirstLinuxVM augenrules: backlog 1
May 30 02:03:28 MyFirstLinuxVM augenrules: enabled 1
May 30 02:03:28 MyFirstLinuxVM augenrules: failure 1
May 30 02:03:28 MyFirstLinuxVM augenrules: pid 672
May 30 02:03:28 MyFirstLinuxVM augenrules: rate_limit 0
May 30 02:03:28 MyFirstLinuxVM augenrules: backlog_limit 8192
May 30 02:03:28 MyFirstLinuxVM augenrules: lost 0
May 30 02:03:28 MyFirstLinuxVM augenrules: backlog 1
May 30 02:03:28 MyFirstLinuxVM systemd: Started Security Auditing Service.
May 30 02:03:28 MyFirstLinuxVM systemd: Starting Update UTMP about System Boot/Shutdown...
May 30 02:03:28 MyFirstLinuxVM systemd: Started Update UTMP about System Boot/Shutdown.
May 30 02:03:28 MyFirstLinuxVM systemd: Reached target System Initialization.
May 30 02:03:28 MyFirstLinuxVM systemd: Started daily update of the root trust anchor for DNSSEC.
May 30 02:03:28 MyFirstLinuxVM systemd: Listening on D-Bus System Message Bus Socket.
May 30 02:03:28 MyFirstLinuxVM systemd: Listening on Open-iSCSI iscsiuio Socket.
May 30 02:03:28 MyFirstLinuxVM systemd: Listening on Virtual machine log manager socket.
May 30 02:03:28 MyFirstLinuxVM systemd: Listening on Avahi mDNS/DNS-SD Stack Activation Socket.
May 30 02:03:28 MyFirstLinuxVM systemd: Listening on CUPS Printing Service Sockets.
May 30 02:03:28 MyFirstLinuxVM systemd: Listening on Virtual machine lock manager socket.
May 30 02:03:28 MyFirstLinuxVM systemd: Started CUPS Printer Service Spool.
May 30 02:03:28 MyFirstLinuxVM systemd: Reached target Paths.
May 30 02:03:28 MyFirstLinuxVM systemd: Started Daily Cleanup of Temporary Directories.
May 30 02:03:28 MyFirstLinuxVM systemd: Reached target Timers.
May 30 02:03:28 MyFirstLinuxVM systemd: Listening on Open-iSCSI iscsid Socket.
May 30 02:03:28 MyFirstLinuxVM systemd: Listening on RPCbind Server Activation Socket.
May 30 02:03:28 MyFirstLinuxVM systemd: Starting RPC bind service...
May 30 02:03:28 MyFirstLinuxVM systemd: Reached target Sockets.
May 30 02:03:28 MyFirstLinuxVM systemd: Reached target Basic System.
May 30 02:03:28 MyFirstLinuxVM systemd: Starting Disk Manager...
May 30 02:03:28 MyFirstLinuxVM systemd: Started irqbalance daemon.
May 30 02:03:28 MyFirstLinuxVM systemd: Started ABRT Automated Bug Reporting Tool.
May 30 02:03:28 MyFirstLinuxVM systemd: Starting GSSAPI Proxy Daemon...
May 30 02:03:28 MyFirstLinuxVM systemd: Starting Machine Check Exception Logging Daemon...
May 30 02:03:28 MyFirstLinuxVM systemd: Starting OpenSSH Server Key Generation...
May 30 02:03:28 MyFirstLinuxVM systemd: Started ABRT kernel log watcher.
May 30 02:03:28 MyFirstLinuxVM systemd: Starting Modem Manager...
May 30 02:03:28 MyFirstLinuxVM systemd: Starting Install ABRT coredump hook...
May 30 02:03:29 MyFirstLinuxVM systemd: Starting Self Monitoring and Reporting Technology (SMART) Daemon...
May 30 02:03:29 MyFirstLinuxVM systemd: Started D-Bus System Message Bus.
May 30 02:03:29 MyFirstLinuxVM mcelog: Family 6 Model 122 CPU: only decoding architectural errors
May 30 02:03:29 MyFirstLinuxVM /usr/sbin/irqbalance: Balancing is ineffective on systems with a single cpu.  Shutting down
May 30 02:03:30 MyFirstLinuxVM smartd[712]: smartd 7.0 2018-12-30 r4883 [x86_64-linux-3.10.0-1160.el7.x86_64] (local build)
May 30 02:03:30 MyFirstLinuxVM smartd[712]: Copyright (C) 2002-18, Bruce Allen, Christian Franke, www.smartmontools.org
May 30 02:03:30 MyFirstLinuxVM smartd[712]: Opened configuration file /etc/smartmontools/smartd.conf
May 30 02:03:30 MyFirstLinuxVM smartd[712]: Configuration file /etc/smartmontools/smartd.conf was parsed, found DEVICESCAN, scanning devices
May 30 02:03:30 MyFirstLinuxVM smartd[712]: Device: /dev/sda, type changed from 'scsi' to 'sat'
May 30 02:03:30 MyFirstLinuxVM smartd[712]: Device: /dev/sda [SAT], opened
May 30 02:03:30 MyFirstLinuxVM smartd[712]: Device: /dev/sda [SAT], VBOX HARDDISK, S/N:VB82f7c745-08261561, FW:1.0, 10.7 GB
May 30 02:03:30 MyFirstLinuxVM smartd[712]: Device: /dev/sda [SAT], not found in smartd database.
May 30 02:03:30 MyFirstLinuxVM smartd[712]: Device: /dev/sda [SAT], lacks SMART capability
May 30 02:03:30 MyFirstLinuxVM smartd[712]: Device: /dev/sda [SAT], to proceed anyway, use '-T permissive' Directive.
May 30 02:03:30 MyFirstLinuxVM smartd[712]: Monitoring 0 ATA/SATA, 0 SCSI/SAS and 0 NVMe devices
May 30 02:03:30 MyFirstLinuxVM journal: udisks daemon version 2.8.4 starting
May 30 02:03:30 MyFirstLinuxVM ModemManager[708]: <info>  ModemManager (version 1.6.10-4.el7) starting in system bus...
May 30 02:03:31 MyFirstLinuxVM abrtd: Init complete, entering main loop
May 30 02:03:31 MyFirstLinuxVM sshd-keygen: Generating SSH2 RSA host key: [  OK  ]
May 30 02:03:32 MyFirstLinuxVM sshd-keygen: Generating SSH2 ECDSA host key: [  OK  ]
May 30 02:03:32 MyFirstLinuxVM sshd-keygen: Generating SSH2 ED25519 host key: [  OK  ]
May 30 02:03:32 MyFirstLinuxVM systemd: Starting Kernel Samepage Merging...
May 30 02:03:32 MyFirstLinuxVM systemd: Starting Login Service...
May 30 02:03:32 MyFirstLinuxVM systemd: Starting VDO volume services...
May 30 02:03:32 MyFirstLinuxVM systemd: Started Hardware RNG Entropy Gatherer Daemon.
May 30 02:03:32 MyFirstLinuxVM systemd: Starting Resets System Activity Logs...
May 30 02:03:32 MyFirstLinuxVM systemd: Starting RealtimeKit Scheduling Policy Service...
May 30 02:03:32 MyFirstLinuxVM systemd: Starting Initial Setup configuration program...
May 30 02:03:32 MyFirstLinuxVM systemd: Starting Avahi mDNS/DNS-SD Stack...
May 30 02:03:32 MyFirstLinuxVM systemd: Starting Virtual Machine and Container Registration Service...
May 30 02:03:32 MyFirstLinuxVM systemd: Started libstoragemgmt plug-in server daemon.
May 30 02:03:32 MyFirstLinuxVM systemd: Starting Accounts Service...
May 30 02:03:32 MyFirstLinuxVM systemd: Starting Dump dmesg to /var/log/dmesg...
May 30 02:03:32 MyFirstLinuxVM systemd: Started Manage Sound Card State (restore and store).
May 30 02:03:32 MyFirstLinuxVM alsactl[781]: alsactl 1.1.8 daemon started
May 30 02:03:32 MyFirstLinuxVM alsactl[781]: /usr/sbin/alsactl: load_state:1683Cannot open /var/lib/alsa/asound.state for reading: No such file or directory
May 30 02:03:32 MyFirstLinuxVM alsactl: Found hardware: "ICH" "Analog Devices AD1980" "AC97a:41445370" "0x1028" "0x0177"
May 30 02:03:32 MyFirstLinuxVM alsactl: Hardware is initialized using a generic method
May 30 02:03:32 MyFirstLinuxVM systemd: Starting NTP client/server...
May 30 02:03:32 MyFirstLinuxVM systemd: Starting Authorization Manager...
May 30 02:03:32 MyFirstLinuxVM systemd: Reached target Sound Card.
May 30 02:03:32 MyFirstLinuxVM systemd: Started Self Monitoring and Reporting Technology (SMART) Daemon.
May 30 02:03:32 MyFirstLinuxVM systemd: Received SIGRTMIN+21 from PID 772 (kill).
May 30 02:03:32 MyFirstLinuxVM systemd: Started RPC bind service.
May 30 02:03:32 MyFirstLinuxVM systemd: Started GSSAPI Proxy Daemon.
May 30 02:03:32 MyFirstLinuxVM systemd: Started OpenSSH Server Key Generation.
May 30 02:03:33 MyFirstLinuxVM systemd: Started Install ABRT coredump hook.
May 30 02:03:33 MyFirstLinuxVM systemd: Started Kernel Samepage Merging.
May 30 02:03:33 MyFirstLinuxVM mcelog: Family 6 Model 122 CPU: only decoding architectural errors
May 30 02:03:33 MyFirstLinuxVM systemd: Started Dump dmesg to /var/log/dmesg.
May 30 02:03:33 MyFirstLinuxVM systemd: Started Machine Check Exception Logging Daemon.
May 30 02:03:33 MyFirstLinuxVM systemd: Received SIGRTMIN+21 from PID 264 (plymouthd).
May 30 02:03:33 MyFirstLinuxVM systemd-logind: New seat seat0.
May 30 02:03:33 MyFirstLinuxVM systemd: Started RealtimeKit Scheduling Policy Service.
May 30 02:03:33 MyFirstLinuxVM systemd-logind: Watching system buttons on /dev/input/event0 (Power Button)
May 30 02:03:33 MyFirstLinuxVM systemd: Started Login Service.
May 30 02:03:33 MyFirstLinuxVM systemd-logind: Watching system buttons on /dev/input/event1 (Sleep Button)
May 30 02:03:33 MyFirstLinuxVM systemd-logind: Watching system buttons on /dev/input/event5 (Video Bus)
May 30 02:03:33 MyFirstLinuxVM systemd: Starting Kernel Samepage Merging (KSM) Tuning Daemon...
May 30 02:03:33 MyFirstLinuxVM systemd: Reached target NFS client services.
May 30 02:03:33 MyFirstLinuxVM systemd: Started Virtual Machine and Container Registration Service.
May 30 02:03:33 MyFirstLinuxVM systemd: Started Resets System Activity Logs.
May 30 02:03:33 MyFirstLinuxVM avahi-daemon[773]: Found user 'avahi' (UID 70) and group 'avahi' (GID 70).
May 30 02:03:33 MyFirstLinuxVM avahi-daemon[773]: Successfully dropped root privileges.
May 30 02:03:33 MyFirstLinuxVM avahi-daemon[773]: avahi-daemon 0.6.31 starting up.
May 30 02:03:33 MyFirstLinuxVM chronyd[810]: chronyd version 3.4 starting (+CMDMON +NTP +REFCLOCK +RTC +PRIVDROP +SCFILTER +SIGND +ASYNCDNS +SECHASH +IPV6 +DEBUG)
May 30 02:03:33 MyFirstLinuxVM rngd: Initalizing available sources
May 30 02:03:33 MyFirstLinuxVM rngd: Failed to init entropy source 0: Hardware RNG Device
May 30 02:03:33 MyFirstLinuxVM rngd: Enabling RDSEED rng support
May 30 02:03:33 MyFirstLinuxVM rngd: Initalizing entropy source Intel RDRAND Instruction RNG
May 30 02:03:33 MyFirstLinuxVM systemd: Started NTP client/server.
May 30 02:03:33 MyFirstLinuxVM avahi-daemon[773]: WARNING: No NSS support for mDNS detected, consider installing nss-mdns!
May 30 02:03:33 MyFirstLinuxVM systemd: Started Avahi mDNS/DNS-SD Stack.
May 30 02:03:33 MyFirstLinuxVM avahi-daemon[773]: Successfully called chroot().
May 30 02:03:33 MyFirstLinuxVM avahi-daemon[773]: Successfully dropped remaining capabilities.
May 30 02:03:33 MyFirstLinuxVM avahi-daemon[773]: No service file found in /etc/avahi/services.
May 30 02:03:33 MyFirstLinuxVM avahi-daemon[773]: Network interface enumeration completed.
May 30 02:03:33 MyFirstLinuxVM avahi-daemon[773]: Registering HINFO record with values 'X86_64'/'LINUX'.
May 30 02:03:33 MyFirstLinuxVM avahi-daemon[773]: Server startup complete. Host name is MyFirstLinuxVM.local. Local service cookie is 2961492286.
May 30 02:03:33 MyFirstLinuxVM polkitd[787]: Started polkitd version 0.112
May 30 02:03:33 MyFirstLinuxVM systemd: Started Modem Manager.
May 30 02:03:34 MyFirstLinuxVM dbus[713]: [system] Activating via systemd: service name='org.freedesktop.PolicyKit1' unit='polkit.service'
May 30 02:03:34 MyFirstLinuxVM dbus[713]: [system] Successfully activated service 'org.freedesktop.PolicyKit1'
May 30 02:03:34 MyFirstLinuxVM systemd: Started Authorization Manager.
May 30 02:03:34 MyFirstLinuxVM accounts-daemon[779]: started daemon version 0.6.50
May 30 02:03:35 MyFirstLinuxVM systemd: Starting firewalld - dynamic firewall daemon...
May 30 02:03:35 MyFirstLinuxVM systemd: Started Accounts Service.
May 30 02:03:35 MyFirstLinuxVM rngd: Enabling JITTER rng support
May 30 02:03:35 MyFirstLinuxVM rngd: Initalizing entropy source JITTER Entropy generator
May 30 02:03:35 MyFirstLinuxVM systemd: Started Kernel Samepage Merging (KSM) Tuning Daemon.
May 30 02:03:35 MyFirstLinuxVM initial-setup: Starting Initial Setup GUI
May 30 02:03:36 MyFirstLinuxVM ModemManager[708]: <info>  Couldn't check support for device at '/sys/devices/pci0000:00/0000:00:03.0': not supported by any plugin
May 30 02:03:37 MyFirstLinuxVM journal: Acquired the name org.freedesktop.UDisks2 on the system message bus
May 30 02:03:37 MyFirstLinuxVM systemd: Started Disk Manager.
May 30 02:03:40 MyFirstLinuxVM systemd: Started VDO volume services.
May 30 02:03:42 MyFirstLinuxVM initial-setup: Running Metacity with custom overrides
May 30 02:03:42 MyFirstLinuxVM initial-setup: Running (/usr/libexec/initial-setup/initial-setup-graphical)
May 30 02:03:45 MyFirstLinuxVM systemd: Started firewalld - dynamic firewall daemon.
May 30 02:03:45 MyFirstLinuxVM systemd: Reached target Network (Pre).
May 30 02:03:45 MyFirstLinuxVM systemd: Starting Network Manager...
May 30 02:03:45 MyFirstLinuxVM NetworkManager[887]: <info>  [1653890625.7191] NetworkManager (version 1.18.8-1.el7) is starting... (for the first time)
May 30 02:03:45 MyFirstLinuxVM NetworkManager[887]: <info>  [1653890625.7231] Read config: /etc/NetworkManager/NetworkManager.conf (lib: 10-slaves-order.conf)
May 30 02:03:45 MyFirstLinuxVM NetworkManager[887]: <info>  [1653890625.9967] bus-manager: acquired D-Bus service "org.freedesktop.NetworkManager"
May 30 02:03:46 MyFirstLinuxVM systemd: Started Network Manager.
May 30 02:03:46 MyFirstLinuxVM systemd: Starting Network Manager Wait Online...
May 30 02:03:46 MyFirstLinuxVM kernel: ip6_tables: (C) 2000-2006 Netfilter Core Team
May 30 02:03:46 MyFirstLinuxVM NetworkManager[887]: <info>  [1653890626.0798] manager[0x55db75c47020]: monitoring kernel firmware directory '/lib/firmware'.
May 30 02:03:46 MyFirstLinuxVM dbus[713]: [system] Activating via systemd: service name='org.freedesktop.hostname1' unit='dbus-org.freedesktop.hostname1.service'
May 30 02:03:46 MyFirstLinuxVM systemd: Starting Hostname Service...
May 30 02:03:46 MyFirstLinuxVM dbus[713]: [system] Successfully activated service 'org.freedesktop.hostname1'
May 30 02:03:46 MyFirstLinuxVM systemd: Started Hostname Service.
May 30 02:03:46 MyFirstLinuxVM NetworkManager[887]: <info>  [1653890626.7366] hostname: hostname: using hostnamed
May 30 02:03:46 MyFirstLinuxVM NetworkManager[887]: <info>  [1653890626.7367] hostname: hostname changed from (none) to "MyFirstLinuxVM"
May 30 02:03:46 MyFirstLinuxVM NetworkManager[887]: <info>  [1653890626.7372] dns-mgr[0x55db75c2e220]: init: dns=default,systemd-resolved rc-manager=file
May 30 02:03:46 MyFirstLinuxVM dbus[713]: [system] Activating via systemd: service name='org.freedesktop.nm_dispatcher' unit='dbus-org.freedesktop.nm-dispatcher.service'
May 30 02:03:47 MyFirstLinuxVM systemd: Starting Network Manager Script Dispatcher Service...
May 30 02:03:47 MyFirstLinuxVM dbus[713]: [system] Successfully activated service 'org.freedesktop.nm_dispatcher'
May 30 02:03:47 MyFirstLinuxVM systemd: Started Network Manager Script Dispatcher Service.
May 30 02:03:47 MyFirstLinuxVM NetworkManager[887]: <info>  [1653890627.3747] settings: Loaded settings plugin: SettingsPluginIfcfg ("/usr/lib64/NetworkManager/1.18.8-1.el7/libnm-settings-plugin-ifcfg-rh.so")
May 30 02:03:47 MyFirstLinuxVM NetworkManager[887]: <info>  [1653890627.4858] settings: Loaded settings plugin: NMSIbftPlugin ("/usr/lib64/NetworkManager/1.18.8-1.el7/libnm-settings-plugin-ibft.so")
May 30 02:03:47 MyFirstLinuxVM NetworkManager[887]: <info>  [1653890627.4880] settings: Loaded settings plugin: NMSKeyfilePlugin (internal)
May 30 02:03:47 MyFirstLinuxVM NetworkManager[887]: <info>  [1653890627.5844] ifcfg-rh: new connection /etc/sysconfig/network-scripts/ifcfg-enp0s3 (3bfde0a5-4ed2-427c-8be5-8b2613756c01,"enp0s3")
May 30 02:03:47 MyFirstLinuxVM NetworkManager[887]: <info>  [1653890627.9783] manager: rfkill: Wi-Fi enabled by radio killswitch; enabled by state file
May 30 02:03:47 MyFirstLinuxVM NetworkManager[887]: <info>  [1653890627.9827] manager: rfkill: WWAN enabled by radio killswitch; enabled by state file
May 30 02:03:47 MyFirstLinuxVM NetworkManager[887]: <info>  [1653890627.9978] manager: Networking is enabled by state file
May 30 02:03:48 MyFirstLinuxVM nm-dispatcher: req:1 'hostname': new request (4 scripts)
May 30 02:03:48 MyFirstLinuxVM nm-dispatcher: req:1 'hostname': start running ordered scripts...
May 30 02:03:48 MyFirstLinuxVM NetworkManager[887]: <info>  [1653890628.0753] dhcp-init: Using DHCP client 'dhclient'
May 30 02:03:48 MyFirstLinuxVM NetworkManager[887]: <info>  [1653890628.2156] Loaded device plugin: NMAtmManager (/usr/lib64/NetworkManager/1.18.8-1.el7/libnm-device-plugin-adsl.so)
May 30 02:03:48 MyFirstLinuxVM kernel: Ebtables v2.0 registered
May 30 02:03:48 MyFirstLinuxVM firewalld[831]: WARNING: AllowZoneDrifting is enabled. This is considered an insecure configuration option. It will be removed in a future release. Please consider disabling it now.
May 30 02:03:48 MyFirstLinuxVM NetworkManager[887]: <info>  [1653890628.6817] Loaded device plugin: NMTeamFactory (/usr/lib64/NetworkManager/1.18.8-1.el7/libnm-device-plugin-team.so)
May 30 02:03:48 MyFirstLinuxVM NetworkManager[887]: <info>  [1653890628.7511] Loaded device plugin: NMWifiFactory (/usr/lib64/NetworkManager/1.18.8-1.el7/libnm-device-plugin-wifi.so)
May 30 02:03:48 MyFirstLinuxVM NetworkManager[887]: <info>  [1653890628.7819] device (lo): carrier: link connected
May 30 02:03:48 MyFirstLinuxVM NetworkManager[887]: <info>  [1653890628.7870] manager: (lo): new Generic device (/org/freedesktop/NetworkManager/Devices/1)
May 30 02:03:48 MyFirstLinuxVM NetworkManager[887]: <info>  [1653890628.7940] manager: (enp0s3): new Ethernet device (/org/freedesktop/NetworkManager/Devices/2)
May 30 02:03:48 MyFirstLinuxVM NetworkManager[887]: <info>  [1653890628.8016] device (enp0s3): state change: unmanaged -> unavailable (reason 'managed', sys-iface-state: 'external')
May 30 02:03:48 MyFirstLinuxVM kernel: IPv6: ADDRCONF(NETDEV_UP): enp0s3: link is not ready
May 30 02:03:48 MyFirstLinuxVM kernel: e1000: enp0s3 NIC Link is Up 1000 Mbps Full Duplex, Flow Control: RX
May 30 02:03:48 MyFirstLinuxVM kernel: IPv6: ADDRCONF(NETDEV_UP): enp0s3: link is not ready
May 30 02:03:48 MyFirstLinuxVM kernel: IPv6: ADDRCONF(NETDEV_CHANGE): enp0s3: link becomes ready
May 30 02:03:48 MyFirstLinuxVM NetworkManager[887]: <info>  [1653890628.8142] device (enp0s3): carrier: link connected
May 30 02:03:48 MyFirstLinuxVM nm-dispatcher: req:2 'connectivity-change': new request (4 scripts)
May 30 02:03:48 MyFirstLinuxVM nm-dispatcher: req:2 'connectivity-change': start running ordered scripts...
May 30 02:03:48 MyFirstLinuxVM kernel: Netfilter messages via NETLINK v0.30.
May 30 02:03:49 MyFirstLinuxVM NetworkManager[887]: <info>  [1653890629.0102] device (enp0s3): state change: unavailable -> disconnected (reason 'none', sys-iface-state: 'managed')
May 30 02:03:49 MyFirstLinuxVM NetworkManager[887]: <info>  [1653890629.0394] policy: auto-activating connection 'enp0s3' (3bfde0a5-4ed2-427c-8be5-8b2613756c01)
May 30 02:03:49 MyFirstLinuxVM NetworkManager[887]: <info>  [1653890629.0658] device (enp0s3): Activation: starting connection 'enp0s3' (3bfde0a5-4ed2-427c-8be5-8b2613756c01)
May 30 02:03:49 MyFirstLinuxVM NetworkManager[887]: <info>  [1653890629.0671] device (enp0s3): state change: disconnected -> prepare (reason 'none', sys-iface-state: 'managed')
May 30 02:03:49 MyFirstLinuxVM NetworkManager[887]: <info>  [1653890629.0708] manager: NetworkManager state is now CONNECTING
May 30 02:03:49 MyFirstLinuxVM NetworkManager[887]: <info>  [1653890629.0734] device (enp0s3): state change: prepare -> config (reason 'none', sys-iface-state: 'managed')
May 30 02:03:49 MyFirstLinuxVM kernel: ip_set: protocol 7
May 30 02:03:59 MyFirstLinuxVM NetworkManager[887]: <warn>  [1653890639.0796] firewall: [0x7f65980044f0,change:"enp0s3"]: complete: request failed (Timeout was reached)
May 30 02:03:59 MyFirstLinuxVM NetworkManager[887]: <info>  [1653890639.0802] device (enp0s3): state change: config -> ip-config (reason 'none', sys-iface-state: 'managed')
May 30 02:03:59 MyFirstLinuxVM NetworkManager[887]: <info>  [1653890639.1049] dhcp4 (enp0s3): activation: beginning transaction (timeout in 45 seconds)
May 30 02:03:59 MyFirstLinuxVM NetworkManager[887]: <info>  [1653890639.3232] dhcp4 (enp0s3): dhclient started with pid 968
May 30 02:03:59 MyFirstLinuxVM avahi-daemon[773]: Registering new address record for fe80::14c7:3d72:7ea0:bcde on enp0s3.*.
May 30 02:03:59 MyFirstLinuxVM kernel: nf_conntrack version 0.5.0 (7927 buckets, 31708 max)
May 30 02:04:00 MyFirstLinuxVM dhclient[968]: DHCPDISCOVER on enp0s3 to 255.255.255.255 port 67 interval 5 (xid=0xa01c752)
May 30 02:04:00 MyFirstLinuxVM dhclient[968]: DHCPREQUEST on enp0s3 to 255.255.255.255 port 67 (xid=0xa01c752)
May 30 02:04:00 MyFirstLinuxVM dhclient[968]: DHCPOFFER from 10.0.2.2
May 30 02:04:00 MyFirstLinuxVM dhclient[968]: DHCPACK from 10.0.2.2 (xid=0xa01c752)
May 30 02:04:00 MyFirstLinuxVM NetworkManager[887]: <info>  [1653890640.6451] dhcp4 (enp0s3):   address 10.0.2.15
May 30 02:04:00 MyFirstLinuxVM NetworkManager[887]: <info>  [1653890640.6451] dhcp4 (enp0s3):   plen 24 (255.255.255.0)
May 30 02:04:00 MyFirstLinuxVM NetworkManager[887]: <info>  [1653890640.6452] dhcp4 (enp0s3):   gateway 10.0.2.2
May 30 02:04:00 MyFirstLinuxVM NetworkManager[887]: <info>  [1653890640.6452] dhcp4 (enp0s3):   lease time 86400
May 30 02:04:00 MyFirstLinuxVM NetworkManager[887]: <info>  [1653890640.6452] dhcp4 (enp0s3):   nameserver '183.82.243.66'
May 30 02:04:00 MyFirstLinuxVM NetworkManager[887]: <info>  [1653890640.6452] dhcp4 (enp0s3):   nameserver '49.205.72.130'
May 30 02:04:00 MyFirstLinuxVM NetworkManager[887]: <info>  [1653890640.6452] dhcp4 (enp0s3): state changed unknown -> bound
May 30 02:04:00 MyFirstLinuxVM NetworkManager[887]: <info>  [1653890640.6463] device (enp0s3): state change: ip-config -> ip-check (reason 'none', sys-iface-state: 'managed')
May 30 02:04:00 MyFirstLinuxVM avahi-daemon[773]: Joining mDNS multicast group on interface enp0s3.IPv4 with address 10.0.2.15.
May 30 02:04:00 MyFirstLinuxVM avahi-daemon[773]: New relevant interface enp0s3.IPv4 for mDNS.
May 30 02:04:00 MyFirstLinuxVM avahi-daemon[773]: Registering new address record for 10.0.2.15 on enp0s3.IPv4.
May 30 02:04:00 MyFirstLinuxVM NetworkManager[887]: <info>  [1653890640.6607] device (enp0s3): state change: ip-check -> secondaries (reason 'none', sys-iface-state: 'managed')
May 30 02:04:00 MyFirstLinuxVM NetworkManager[887]: <info>  [1653890640.6645] device (enp0s3): state change: secondaries -> activated (reason 'none', sys-iface-state: 'managed')
May 30 02:04:00 MyFirstLinuxVM dhclient[968]: bound to 10.0.2.15 -- renewal in 42110 seconds.
May 30 02:04:00 MyFirstLinuxVM NetworkManager[887]: <info>  [1653890640.6721] manager: NetworkManager state is now CONNECTED_LOCAL
May 30 02:04:00 MyFirstLinuxVM NetworkManager[887]: <info>  [1653890640.6786] manager: NetworkManager state is now CONNECTED_SITE
May 30 02:04:00 MyFirstLinuxVM NetworkManager[887]: <info>  [1653890640.6800] policy: set 'enp0s3' (enp0s3) as default for IPv4 routing and DNS
May 30 02:04:00 MyFirstLinuxVM NetworkManager[887]: <info>  [1653890640.9766] device (enp0s3): Activation: successful, device activated.
May 30 02:04:00 MyFirstLinuxVM dbus[713]: [system] Activating via systemd: service name='org.freedesktop.nm_dispatcher' unit='dbus-org.freedesktop.nm-dispatcher.service'
May 30 02:04:00 MyFirstLinuxVM NetworkManager[887]: <info>  [1653890640.9869] manager: NetworkManager state is now CONNECTED_GLOBAL
May 30 02:04:00 MyFirstLinuxVM NetworkManager[887]: <info>  [1653890640.9960] manager: startup complete
May 30 02:04:01 MyFirstLinuxVM systemd: Starting Network Manager Script Dispatcher Service...
May 30 02:04:01 MyFirstLinuxVM systemd: Started Network Manager Wait Online.
May 30 02:04:01 MyFirstLinuxVM systemd: Starting LSB: Bring up/down networking...
May 30 02:04:01 MyFirstLinuxVM dbus[713]: [system] Successfully activated service 'org.freedesktop.nm_dispatcher'
May 30 02:04:01 MyFirstLinuxVM systemd: Started Network Manager Script Dispatcher Service.
May 30 02:04:01 MyFirstLinuxVM nm-dispatcher: req:1 'up' [enp0s3]: new request (4 scripts)
May 30 02:04:01 MyFirstLinuxVM nm-dispatcher: req:1 'up' [enp0s3]: start running ordered scripts...
May 30 02:04:01 MyFirstLinuxVM nm-dispatcher: req:2 'connectivity-change': new request (4 scripts)
May 30 02:04:01 MyFirstLinuxVM nm-dispatcher: req:2 'connectivity-change': start running ordered scripts...
May 30 02:04:01 MyFirstLinuxVM kernel: bridge: filtering via arp/ip/ip6tables is no longer available by default. Update your scripts to load br_netfilter if you need this.
May 30 02:04:03 MyFirstLinuxVM network: Bringing up loopback interface:  [  OK  ]
May 30 02:04:03 MyFirstLinuxVM network: Bringing up interface enp0s3:  [  OK  ]
May 30 02:04:04 MyFirstLinuxVM systemd: Started LSB: Bring up/down networking.
May 30 02:04:04 MyFirstLinuxVM systemd: Reached target Network.
May 30 02:04:04 MyFirstLinuxVM systemd: Starting Logout off all iSCSI sessions on shutdown...
May 30 02:04:04 MyFirstLinuxVM systemd: Reached target Network is Online.
May 30 02:04:04 MyFirstLinuxVM systemd: Starting Notify NFS peers of a restart...
May 30 02:04:04 MyFirstLinuxVM systemd: Starting Postfix Mail Transport Agent...
May 30 02:04:04 MyFirstLinuxVM systemd: Starting Dynamic System Tuning Daemon...
May 30 02:04:04 MyFirstLinuxVM systemd: Starting OpenSSH server daemon...
May 30 02:04:04 MyFirstLinuxVM systemd: Starting System Logging Service...
May 30 02:04:04 MyFirstLinuxVM systemd: Started CUPS Printing Service.
May 30 02:04:04 MyFirstLinuxVM systemd: Started Logout off all iSCSI sessions on shutdown.
May 30 02:04:04 MyFirstLinuxVM systemd: Starting Availability of block devices...
May 30 02:04:04 MyFirstLinuxVM systemd: Reached target Remote File Systems (Pre).
May 30 02:04:04 MyFirstLinuxVM systemd: Reached target Remote File Systems.
May 30 02:04:04 MyFirstLinuxVM systemd: Starting Permit User Sessions...
May 30 02:04:04 MyFirstLinuxVM systemd: Starting Crash recovery kernel arming...
May 30 02:04:04 MyFirstLinuxVM sm-notify[1235]: Version 1.3.0 starting
May 30 02:04:04 MyFirstLinuxVM systemd: Starting Virtualization daemon...
May 30 02:04:04 MyFirstLinuxVM systemd: Started Notify NFS peers of a restart.
May 30 02:04:04 MyFirstLinuxVM systemd: Started Availability of block devices.
May 30 02:04:04 MyFirstLinuxVM systemd: Started OpenSSH server daemon.
May 30 02:04:04 MyFirstLinuxVM kdumpctl: No memory reserved for crash kernel
May 30 02:04:04 MyFirstLinuxVM kdumpctl: Starting kdump: [FAILED]
May 30 02:04:04 MyFirstLinuxVM systemd: kdump.service: main process exited, code=exited, status=1/FAILURE
May 30 02:04:04 MyFirstLinuxVM systemd: Failed to start Crash recovery kernel arming.
May 30 02:04:04 MyFirstLinuxVM systemd: Unit kdump.service entered failed state.
May 30 02:04:04 MyFirstLinuxVM systemd: kdump.service failed.
May 30 02:04:04 MyFirstLinuxVM systemd: Started Permit User Sessions.
May 30 02:04:04 MyFirstLinuxVM systemd: Started Command Scheduler.
May 30 02:04:04 MyFirstLinuxVM systemd: Started Job spooling tools.
May 30 02:04:05 MyFirstLinuxVM rsyslogd: [origin software="rsyslogd" swVersion="8.24.0-55.el7" x-pid="1239" x-info="http://www.rsyslog.com"] start
May 30 02:04:05 MyFirstLinuxVM systemd: Started System Logging Service.
May 30 02:30:59 MyFirstLinuxVM chronyd[810]: Selected source 139.59.15.185
May 30 02:30:59 MyFirstLinuxVM chronyd[810]: System clock wrong by 1612.675547 seconds, adjustment started
May 30 02:30:59 MyFirstLinuxVM systemd: Time has been changed
May 30 02:30:59 MyFirstLinuxVM chronyd[810]: System clock was stepped by 1612.675547 seconds
May 30 02:31:01 MyFirstLinuxVM systemd: Started Dynamic System Tuning Daemon.
May 30 02:31:02 MyFirstLinuxVM systemd: Started Postfix Mail Transport Agent.
May 30 02:31:02 MyFirstLinuxVM systemd: Started Virtualization daemon.
May 30 02:31:03 MyFirstLinuxVM libvirtd: 2022-05-30 06:31:03.773+0000: 1505: info : libvirt version: 4.5.0, package: 36.el7 (CentOS BuildSystem <http://bugs.centos.org>, 2020-10-13-15:57:25, x86-02.bsys.centos.org)
May 30 02:31:03 MyFirstLinuxVM libvirtd: 2022-05-30 06:31:03.773+0000: 1505: info : hostname: MyFirstLinuxVM
May 30 02:31:03 MyFirstLinuxVM libvirtd: 2022-05-30 06:31:03.773+0000: 1505: error : virHostCPUGetTscInfo:1389 : Unable to open /dev/kvm: No such file or directory
May 30 02:31:04 MyFirstLinuxVM initial-setup: Initial Setup 0.3.9.45
May 30 02:31:04 MyFirstLinuxVM initial-setup: found 3 addon modules:
May 30 02:31:04 MyFirstLinuxVM initial-setup: parsing input kickstart /root/anaconda-ks.cfg
May 30 02:31:04 MyFirstLinuxVM initial-setup: kickstart parsing done
May 30 02:31:06 MyFirstLinuxVM libvirtd: 2022-05-30 06:31:06.932+0000: 1505: error : virHostCPUGetTscInfo:1389 : Unable to open /dev/kvm: No such file or directory
May 30 02:31:06 MyFirstLinuxVM libvirtd: 2022-05-30 06:31:06.933+0000: 1505: error : virHostCPUGetTscInfo:1389 : Unable to open /dev/kvm: No such file or directory
May 30 02:31:06 MyFirstLinuxVM NetworkManager[887]: <info>  [1653892266.9758] manager: (virbr0): new Bridge device (/org/freedesktop/NetworkManager/Devices/3)
May 30 02:31:07 MyFirstLinuxVM kernel: tun: Universal TUN/TAP device driver, 1.6
May 30 02:31:07 MyFirstLinuxVM kernel: tun: (C) 1999-2004 Max Krasnyansky <maxk@qualcomm.com>
May 30 02:31:07 MyFirstLinuxVM kernel: virbr0: port 1(virbr0-nic) entered blocking state
May 30 02:31:07 MyFirstLinuxVM kernel: virbr0: port 1(virbr0-nic) entered disabled state
May 30 02:31:07 MyFirstLinuxVM kernel: device virbr0-nic entered promiscuous mode
May 30 02:31:07 MyFirstLinuxVM NetworkManager[887]: <info>  [1653892267.6451] manager: (virbr0-nic): new Tun device (/org/freedesktop/NetworkManager/Devices/4)
May 30 02:31:07 MyFirstLinuxVM NetworkManager[887]: <info>  [1653892267.6861] device (virbr0-nic): state change: unmanaged -> unavailable (reason 'connection-assumed', sys-iface-state: 'external')
May 30 02:31:07 MyFirstLinuxVM NetworkManager[887]: <info>  [1653892267.6884] device (virbr0-nic): state change: unavailable -> disconnected (reason 'none', sys-iface-state: 'external')
May 30 02:31:08 MyFirstLinuxVM kernel: virbr0: port 1(virbr0-nic) entered blocking state
May 30 02:31:08 MyFirstLinuxVM kernel: virbr0: port 1(virbr0-nic) entered listening state
May 30 02:31:08 MyFirstLinuxVM kernel: IPv6: ADDRCONF(NETDEV_UP): virbr0: link is not ready
May 30 02:31:08 MyFirstLinuxVM NetworkManager[887]: <info>  [1653892268.1994] device (virbr0): state change: unmanaged -> unavailable (reason 'connection-assumed', sys-iface-state: 'external')
May 30 02:31:08 MyFirstLinuxVM avahi-daemon[773]: Joining mDNS multicast group on interface virbr0.IPv4 with address 192.168.122.1.
May 30 02:31:08 MyFirstLinuxVM avahi-daemon[773]: New relevant interface virbr0.IPv4 for mDNS.
May 30 02:31:08 MyFirstLinuxVM avahi-daemon[773]: Registering new address record for 192.168.122.1 on virbr0.IPv4.
May 30 02:31:08 MyFirstLinuxVM NetworkManager[887]: <info>  [1653892268.2495] ifcfg-rh: add connection in-memory (090ef8c1-7b16-4318-938d-c2a6bbf0c446,"virbr0")
May 30 02:31:08 MyFirstLinuxVM NetworkManager[887]: <info>  [1653892268.2507] device (virbr0): state change: unavailable -> disconnected (reason 'connection-assumed', sys-iface-state: 'external')
May 30 02:31:08 MyFirstLinuxVM NetworkManager[887]: <info>  [1653892268.2517] device (virbr0): Activation: starting connection 'virbr0' (090ef8c1-7b16-4318-938d-c2a6bbf0c446)
May 30 02:31:08 MyFirstLinuxVM NetworkManager[887]: <info>  [1653892268.2518] device (virbr0): state change: disconnected -> prepare (reason 'none', sys-iface-state: 'external')
May 30 02:31:08 MyFirstLinuxVM NetworkManager[887]: <info>  [1653892268.2523] device (virbr0): state change: prepare -> config (reason 'none', sys-iface-state: 'external')
May 30 02:31:08 MyFirstLinuxVM NetworkManager[887]: <info>  [1653892268.2541] keyfile: add connection /var/run/NetworkManager/system-connections/virbr0-nic.nmconnection (b32a1363-d757-4e28-b17b-34ef67213a1a,"virbr0-nic")
May 30 02:31:08 MyFirstLinuxVM NetworkManager[887]: <info>  [1653892268.2550] device (virbr0-nic): Activation: starting connection 'virbr0-nic' (b32a1363-d757-4e28-b17b-34ef67213a1a)
May 30 02:31:08 MyFirstLinuxVM NetworkManager[887]: <info>  [1653892268.2552] device (virbr0): state change: config -> ip-config (reason 'none', sys-iface-state: 'external')
May 30 02:31:08 MyFirstLinuxVM NetworkManager[887]: <info>  [1653892268.2554] device (virbr0): state change: ip-config -> ip-check (reason 'none', sys-iface-state: 'external')
May 30 02:31:08 MyFirstLinuxVM NetworkManager[887]: <info>  [1653892268.2563] device (virbr0-nic): state change: disconnected -> prepare (reason 'none', sys-iface-state: 'external')
May 30 02:31:08 MyFirstLinuxVM NetworkManager[887]: <info>  [1653892268.2568] device (virbr0-nic): state change: prepare -> config (reason 'none', sys-iface-state: 'external')
May 30 02:31:08 MyFirstLinuxVM NetworkManager[887]: <info>  [1653892268.2572] device (virbr0): state change: ip-check -> secondaries (reason 'none', sys-iface-state: 'external')
May 30 02:31:08 MyFirstLinuxVM NetworkManager[887]: <info>  [1653892268.2574] device (virbr0-nic): state change: config -> ip-config (reason 'none', sys-iface-state: 'external')
May 30 02:31:08 MyFirstLinuxVM NetworkManager[887]: <info>  [1653892268.2576] device (virbr0): bridge port virbr0-nic was attached
May 30 02:31:08 MyFirstLinuxVM NetworkManager[887]: <info>  [1653892268.2576] device (virbr0-nic): Activation: connection 'virbr0-nic' enslaved, continuing activation
May 30 02:31:08 MyFirstLinuxVM NetworkManager[887]: <info>  [1653892268.2789] device (virbr0-nic): state change: ip-config -> ip-check (reason 'none', sys-iface-state: 'external')
May 30 02:31:08 MyFirstLinuxVM NetworkManager[887]: <info>  [1653892268.2798] device (virbr0): state change: secondaries -> activated (reason 'none', sys-iface-state: 'external')
May 30 02:31:08 MyFirstLinuxVM NetworkManager[887]: <info>  [1653892268.4519] device (virbr0): Activation: successful, device activated.
May 30 02:31:08 MyFirstLinuxVM NetworkManager[887]: <info>  [1653892268.4560] device (virbr0-nic): state change: ip-check -> secondaries (reason 'none', sys-iface-state: 'external')
May 30 02:31:08 MyFirstLinuxVM systemd: Starting Network Manager Script Dispatcher Service...
May 30 02:31:08 MyFirstLinuxVM NetworkManager[887]: <info>  [1653892268.4570] device (virbr0-nic): state change: secondaries -> activated (reason 'none', sys-iface-state: 'external')
May 30 02:31:08 MyFirstLinuxVM dbus[713]: [system] Activating via systemd: service name='org.freedesktop.nm_dispatcher' unit='dbus-org.freedesktop.nm-dispatcher.service'
May 30 02:31:08 MyFirstLinuxVM NetworkManager[887]: <info>  [1653892268.5147] device (virbr0-nic): Activation: successful, device activated.
May 30 02:31:08 MyFirstLinuxVM dnsmasq[1559]: started, version 2.76 cachesize 150
May 30 02:31:08 MyFirstLinuxVM dnsmasq[1559]: compile time options: IPv6 GNU-getopt DBus no-i18n IDN DHCP DHCPv6 no-Lua TFTP no-conntrack ipset auth no-DNSSEC loop-detect inotify
May 30 02:31:08 MyFirstLinuxVM dnsmasq-dhcp[1559]: DHCP, IP range 192.168.122.2 -- 192.168.122.254, lease time 1h
May 30 02:31:08 MyFirstLinuxVM dnsmasq-dhcp[1559]: DHCP, sockets bound exclusively to interface virbr0
May 30 02:31:08 MyFirstLinuxVM dnsmasq[1559]: reading /etc/resolv.conf
May 30 02:31:08 MyFirstLinuxVM dnsmasq[1559]: using nameserver 183.82.243.66#53
May 30 02:31:08 MyFirstLinuxVM dnsmasq[1559]: using nameserver 49.205.72.130#53
May 30 02:31:08 MyFirstLinuxVM dnsmasq[1559]: read /etc/hosts - 2 addresses
May 30 02:31:08 MyFirstLinuxVM dnsmasq[1559]: read /var/lib/libvirt/dnsmasq/default.addnhosts - 0 addresses
May 30 02:31:08 MyFirstLinuxVM dnsmasq-dhcp[1559]: read /var/lib/libvirt/dnsmasq/default.hostsfile
May 30 02:31:08 MyFirstLinuxVM dbus[713]: [system] Successfully activated service 'org.freedesktop.nm_dispatcher'
May 30 02:31:08 MyFirstLinuxVM systemd: Started Network Manager Script Dispatcher Service.
May 30 02:31:08 MyFirstLinuxVM nm-dispatcher: req:1 'up' [virbr0]: new request (4 scripts)
May 30 02:31:08 MyFirstLinuxVM nm-dispatcher: req:1 'up' [virbr0]: start running ordered scripts...
May 30 02:31:08 MyFirstLinuxVM kernel: virbr0: port 1(virbr0-nic) entered disabled state
May 30 02:31:08 MyFirstLinuxVM NetworkManager[887]: <info>  [1653892268.5849] device (virbr0-nic): state change: activated -> unmanaged (reason 'connection-assumed', sys-iface-state: 'external')
May 30 02:31:08 MyFirstLinuxVM NetworkManager[887]: <info>  [1653892268.5863] device (virbr0): bridge port virbr0-nic was detached
May 30 02:31:08 MyFirstLinuxVM NetworkManager[887]: <info>  [1653892268.5863] device (virbr0-nic): released from master device virbr0
May 30 02:31:08 MyFirstLinuxVM nm-dispatcher: req:2 'up' [virbr0-nic]: new request (4 scripts)
May 30 02:31:08 MyFirstLinuxVM systemd: Unit iscsi.service cannot be reloaded because it is inactive.
May 30 02:31:08 MyFirstLinuxVM nm-dispatcher: req:3 'down' [virbr0-nic]: new request (4 scripts)
May 30 02:31:08 MyFirstLinuxVM nm-dispatcher: req:2 'up' [virbr0-nic]: start running ordered scripts...
May 30 02:31:08 MyFirstLinuxVM systemd: Unit iscsi.service cannot be reloaded because it is inactive.
May 30 02:31:08 MyFirstLinuxVM nm-dispatcher: req:3 'down' [virbr0-nic]: start running ordered scripts...
May 30 02:31:08 MyFirstLinuxVM org.a11y.Bus: Activating service name='org.a11y.atspi.Registry'
May 30 02:31:08 MyFirstLinuxVM anaconda: /usr/lib/python2.7/site-packages/meh/ui/gui.py:23: PyGIWarning: Gtk was imported without specifying a version first. Use gi.require_version('Gtk', '3.0') before import to ensure that the right version gets loaded.#012  from gi.repository import Gtk
May 30 02:31:08 MyFirstLinuxVM org.a11y.Bus: Successfully activated service 'org.a11y.atspi.Registry'
May 30 02:31:08 MyFirstLinuxVM org.a11y.atspi.Registry: SpiRegistry daemon is running with well-known name - org.a11y.atspi.Registry
May 30 02:31:13 MyFirstLinuxVM initial-setup: starting the UI
May 30 02:31:15 MyFirstLinuxVM NetworkManager[887]: <info>  [1653892275.0887] agent-manager: req[0x55db75cae820, :1.33/anaconda/0]: agent registered
May 30 02:31:15 MyFirstLinuxVM anaconda: Initialization controller for hub InitialSetupMainHub expected but missing.
May 30 02:31:47 MyFirstLinuxVM initial-setup: applying changes
May 30 02:31:47 MyFirstLinuxVM initial-setup: executing kickstart
May 30 02:31:47 MyFirstLinuxVM initial-setup: executing addons
May 30 02:31:47 MyFirstLinuxVM initial-setup: writing the Initial Setup kickstart file /root/initial-setup-ks.cfg
May 30 02:31:47 MyFirstLinuxVM initial-setup: finished writing the Initial Setup kickstart file
May 30 02:31:47 MyFirstLinuxVM initial-setup: all changes have been applied
May 30 02:31:48 MyFirstLinuxVM initial-setup: Stopping the window manager (/usr/bin/metacity)
May 30 02:31:49 MyFirstLinuxVM initial-setup: Initial Setup finished successfully, disabling
May 30 02:31:49 MyFirstLinuxVM systemd: Reloading.
May 30 02:31:49 MyFirstLinuxVM systemd: Reached target Multi-User System.
May 30 02:31:49 MyFirstLinuxVM systemd: Received SIGRTMIN+20 from PID 1674 (kill).
May 30 02:31:49 MyFirstLinuxVM systemd: Started Initial Setup configuration program.
May 30 02:31:49 MyFirstLinuxVM systemd: Reached target Login Prompts (Pre).
May 30 02:31:49 MyFirstLinuxVM systemd: Starting GNOME Display Manager...
May 30 02:31:50 MyFirstLinuxVM systemd: Started GNOME Display Manager.
May 30 02:31:50 MyFirstLinuxVM systemd: Reached target Graphical Interface.
May 30 02:31:50 MyFirstLinuxVM systemd: Starting Update UTMP about System Runlevel Changes...
May 30 02:31:50 MyFirstLinuxVM systemd: Started Update UTMP about System Runlevel Changes.
May 30 02:31:50 MyFirstLinuxVM systemd: Startup finished in 821ms (kernel) + 5.481s (initrd) + 1min 51.447s (userspace) = 1min 57.750s.
May 30 02:31:50 MyFirstLinuxVM systemd: Created slice User Slice of gdm.
May 30 02:31:50 MyFirstLinuxVM systemd: Started Session c1 of user gdm.
May 30 02:31:50 MyFirstLinuxVM systemd-logind: New session c1 of user gdm.
May 30 02:31:51 MyFirstLinuxVM org.a11y.Bus: Activating service name='org.a11y.atspi.Registry'
May 30 02:31:51 MyFirstLinuxVM org.a11y.Bus: Successfully activated service 'org.a11y.atspi.Registry'
May 30 02:31:51 MyFirstLinuxVM org.a11y.atspi.Registry: SpiRegistry daemon is running with well-known name - org.a11y.atspi.Registry
May 30 02:31:51 MyFirstLinuxVM gnome-session: generating cookie with syscall
May 30 02:31:51 MyFirstLinuxVM gnome-session: generating cookie with syscall
May 30 02:31:51 MyFirstLinuxVM gnome-session: generating cookie with syscall
May 30 02:31:51 MyFirstLinuxVM gnome-session: generating cookie with syscall
May 30 02:31:53 MyFirstLinuxVM dbus[713]: [system] Activating via systemd: service name='org.freedesktop.UPower' unit='upower.service'
May 30 02:31:53 MyFirstLinuxVM systemd: Starting Daemon for power management...
May 30 02:31:53 MyFirstLinuxVM dbus[713]: [system] Successfully activated service 'org.freedesktop.UPower'
May 30 02:31:53 MyFirstLinuxVM systemd: Started Daemon for power management.
May 30 02:31:54 MyFirstLinuxVM rtkit-daemon[771]: Successfully made thread 1758 of process 1758 (/usr/bin/pulseaudio) owned by '42' high priority at nice level -11.
May 30 02:31:54 MyFirstLinuxVM pulseaudio[1758]: [pulseaudio] alsa-util.c: Disabling timer-based scheduling because running inside a VM.
May 30 02:31:54 MyFirstLinuxVM pulseaudio[1758]: [pulseaudio] sink.c: Default and alternate sample rates are the same.
May 30 02:31:54 MyFirstLinuxVM rtkit-daemon[771]: Successfully made thread 1761 of process 1758 (/usr/bin/pulseaudio) owned by '42' RT at priority 5.
May 30 02:31:55 MyFirstLinuxVM pulseaudio[1758]: [pulseaudio] alsa-util.c: Disabling timer-based scheduling because running inside a VM.
May 30 02:31:55 MyFirstLinuxVM rtkit-daemon[771]: Successfully made thread 1764 of process 1758 (/usr/bin/pulseaudio) owned by '42' RT at priority 5.
May 30 02:31:55 MyFirstLinuxVM pulseaudio[1758]: [pulseaudio] authkey.c: Failed to open cookie file '/var/lib/gdm/.config/pulse/cookie': No such file or directory
May 30 02:31:55 MyFirstLinuxVM pulseaudio[1758]: [pulseaudio] authkey.c: Failed to load authentication key '/var/lib/gdm/.config/pulse/cookie': No such file or directory
May 30 02:31:55 MyFirstLinuxVM pulseaudio[1758]: [pulseaudio] authkey.c: Failed to open cookie file '/var/lib/gdm/.pulse-cookie': No such file or directory
May 30 02:31:55 MyFirstLinuxVM pulseaudio[1758]: [pulseaudio] authkey.c: Failed to load authentication key '/var/lib/gdm/.pulse-cookie': No such file or directory
May 30 02:31:58 MyFirstLinuxVM dbus[713]: [system] Activating via systemd: service name='org.freedesktop.locale1' unit='dbus-org.freedesktop.locale1.service'
May 30 02:31:58 MyFirstLinuxVM systemd: Starting Locale Service...
May 30 02:31:58 MyFirstLinuxVM dbus[713]: [system] Successfully activated service 'org.freedesktop.locale1'
May 30 02:31:58 MyFirstLinuxVM systemd: Started Locale Service.
May 30 02:32:00 MyFirstLinuxVM dbus[713]: [system] Activating via systemd: service name='org.freedesktop.GeoClue2' unit='geoclue.service'
May 30 02:32:00 MyFirstLinuxVM dbus[713]: [system] Activating via systemd: service name='org.freedesktop.bolt' unit='bolt.service'
May 30 02:32:00 MyFirstLinuxVM systemd: Starting Thunderbolt system service...
May 30 02:32:00 MyFirstLinuxVM systemd: Starting Location Lookup Service...
May 30 02:32:00 MyFirstLinuxVM dbus[713]: [system] Activating via systemd: service name='org.freedesktop.PackageKit' unit='packagekit.service'
May 30 02:32:00 MyFirstLinuxVM systemd: Starting PackageKit Daemon...
May 30 02:32:00 MyFirstLinuxVM journal: bolt 0.7 starting up.
May 30 02:32:00 MyFirstLinuxVM journal: config: loading user config
May 30 02:32:00 MyFirstLinuxVM journal: bouncer: initializing polkit
May 30 02:32:00 MyFirstLinuxVM journal: udev: initializing udev
May 30 02:32:00 MyFirstLinuxVM journal: store: loading domains
May 30 02:32:00 MyFirstLinuxVM journal: store: loading devices
May 30 02:32:00 MyFirstLinuxVM journal: power: force power support: no
May 30 02:32:00 MyFirstLinuxVM journal: udev: enumerating devices
May 30 02:32:00 MyFirstLinuxVM dbus[713]: [system] Successfully activated service 'org.freedesktop.bolt'
May 30 02:32:00 MyFirstLinuxVM systemd: Started Thunderbolt system service.
May 30 02:32:00 MyFirstLinuxVM dbus[713]: [system] Activating via systemd: service name='fi.w1.wpa_supplicant1' unit='wpa_supplicant.service'
May 30 02:32:00 MyFirstLinuxVM systemd: Starting WPA Supplicant daemon...
May 30 02:32:01 MyFirstLinuxVM dbus[713]: [system] Successfully activated service 'fi.w1.wpa_supplicant1'
May 30 02:32:01 MyFirstLinuxVM systemd: Started WPA Supplicant daemon.
May 30 02:32:01 MyFirstLinuxVM dbus[713]: [system] Successfully activated service 'org.freedesktop.GeoClue2'
May 30 02:32:01 MyFirstLinuxVM systemd: Started Location Lookup Service.
May 30 02:32:01 MyFirstLinuxVM dbus[713]: [system] Successfully activated service 'org.freedesktop.PackageKit'
May 30 02:32:01 MyFirstLinuxVM systemd: Started PackageKit Daemon.
May 30 02:32:02 MyFirstLinuxVM dbus[713]: [system] Activating via systemd: service name='org.freedesktop.hostname1' unit='dbus-org.freedesktop.hostname1.service'
May 30 02:32:02 MyFirstLinuxVM systemd: Starting Hostname Service...
May 30 02:32:02 MyFirstLinuxVM dbus[713]: [system] Activating via systemd: service name='org.freedesktop.ColorManager' unit='colord.service'
May 30 02:32:02 MyFirstLinuxVM systemd: Starting Manage, Install and Generate Color Profiles...
May 30 02:32:02 MyFirstLinuxVM journal: failed to get edid data: EDID length is too small
May 30 02:32:02 MyFirstLinuxVM dbus[713]: [system] Successfully activated service 'org.freedesktop.hostname1'
May 30 02:32:02 MyFirstLinuxVM systemd: Started Hostname Service.
May 30 02:32:02 MyFirstLinuxVM spice-vdagent[1907]: Cannot access vdagent virtio channel /dev/virtio-ports/com.redhat.spice.0
May 30 02:32:02 MyFirstLinuxVM gnome-session: gnome-session-binary[1700]: WARNING: App 'spice-vdagent.desktop' exited with code 1
May 30 02:32:02 MyFirstLinuxVM gnome-session-binary[1700]: WARNING: App 'spice-vdagent.desktop' exited with code 1
May 30 02:32:02 MyFirstLinuxVM dbus[713]: [system] Successfully activated service 'org.freedesktop.ColorManager'
May 30 02:32:02 MyFirstLinuxVM systemd: Started Manage, Install and Generate Color Profiles.
May 30 02:32:02 MyFirstLinuxVM gnome-session-binary: Entering running state
May 30 02:32:02 MyFirstLinuxVM spice-streaming-agent[1914]: Failed to open the streaming device "/dev/virtio-ports/org.spice-space.stream.0": 2 - No such file or directory
May 30 02:32:02 MyFirstLinuxVM dbus[713]: [system] Activating via systemd: service name='net.reactivated.Fprint' unit='fprintd.service'
May 30 02:32:02 MyFirstLinuxVM systemd: Starting Fingerprint Authentication Daemon...
May 30 02:32:03 MyFirstLinuxVM dbus[713]: [system] Successfully activated service 'net.reactivated.Fprint'
May 30 02:32:03 MyFirstLinuxVM systemd: Started Fingerprint Authentication Daemon.
May 30 02:32:03 MyFirstLinuxVM dbus[713]: [system] Activating via systemd: service name='org.freedesktop.realmd' unit='realmd.service'
May 30 02:32:03 MyFirstLinuxVM systemd: Starting Realm and Domain Configuration...
May 30 02:32:03 MyFirstLinuxVM dbus[713]: [system] Successfully activated service 'org.freedesktop.realmd'
May 30 02:32:03 MyFirstLinuxVM systemd: Started Realm and Domain Configuration.
May 30 02:32:04 MyFirstLinuxVM org.gnome.Shell.desktop: Window manager warning: "XF86RFKill" is not a valid accelerator
May 30 02:32:04 MyFirstLinuxVM journal: Error looking up permission: GDBus.Error:org.freedesktop.portal.Error.NotFound: No entry for geolocation
May 30 02:32:04 MyFirstLinuxVM journal: failed to get edid: unable to get EDID for output
May 30 02:32:04 MyFirstLinuxVM journal: JS WARNING: [resource:///org/gnome/shell/ui/layout.js 29]: reference to undefined property "MetaWindowX11"
May 30 02:32:05 MyFirstLinuxVM journal: unable to get EDID for xrandr-Virtual1: unable to get EDID for output
May 30 02:32:16 MyFirstLinuxVM systemd: Created slice User Slice of rsridharan.
May 30 02:32:16 MyFirstLinuxVM systemd: Started Session 1 of user rsridharan.
May 30 02:32:16 MyFirstLinuxVM systemd-logind: New session 1 of user rsridharan.
May 30 02:32:16 MyFirstLinuxVM gnome-session-binary[1700]: WARNING: Application 'org.gnome.SettingsDaemon.A11ySettings.desktop' killed by signal 15
May 30 02:32:16 MyFirstLinuxVM gnome-session: gnome-session-binary[1700]: WARNING: Application 'org.gnome.SettingsDaemon.A11ySettings.desktop' killed by signal 15
May 30 02:32:16 MyFirstLinuxVM gnome-session: gnome-session-binary[1700]: WARNING: Application 'org.gnome.SettingsDaemon.Clipboard.desktop' killed by signal 15
May 30 02:32:16 MyFirstLinuxVM gnome-session: gnome-session-binary[1700]: WARNING: Application 'org.gnome.SettingsDaemon.Datetime.desktop' killed by signal 15
May 30 02:32:16 MyFirstLinuxVM gnome-session: gnome-session-binary[1700]: WARNING: Application 'org.gnome.SettingsDaemon.Housekeeping.desktop' killed by signal 15
May 30 02:32:16 MyFirstLinuxVM gnome-session: gnome-session-binary[1700]: WARNING: Application 'org.gnome.SettingsDaemon.Keyboard.desktop' killed by signal 15
May 30 02:32:16 MyFirstLinuxVM gnome-session: gnome-session-binary[1700]: WARNING: Application 'org.gnome.SettingsDaemon.MediaKeys.desktop' killed by signal 15
May 30 02:32:16 MyFirstLinuxVM gnome-session: gnome-session-binary[1700]: WARNING: Application 'org.gnome.SettingsDaemon.Mouse.desktop' killed by signal 15
May 30 02:32:16 MyFirstLinuxVM gnome-session: gnome-session-binary[1700]: WARNING: Application 'org.gnome.SettingsDaemon.Power.desktop' killed by signal 15
May 30 02:32:16 MyFirstLinuxVM gnome-session: gnome-session-binary[1700]: WARNING: Application 'org.gnome.SettingsDaemon.PrintNotifications.desktop' killed by signal 15
May 30 02:32:16 MyFirstLinuxVM gnome-session: gnome-session-binary[1700]: WARNING: Application 'org.gnome.SettingsDaemon.Rfkill.desktop' killed by signal 15
May 30 02:32:16 MyFirstLinuxVM gnome-session: gnome-session-binary[1700]: WARNING: Application 'org.gnome.SettingsDaemon.ScreensaverProxy.desktop' killed by signal 15
May 30 02:32:16 MyFirstLinuxVM gnome-session: gnome-session-binary[1700]: WARNING: Application 'org.gnome.SettingsDaemon.Sharing.desktop' killed by signal 15
May 30 02:32:16 MyFirstLinuxVM gnome-session: gnome-session-binary[1700]: WARNING: Application 'org.gnome.SettingsDaemon.Smartcard.desktop' killed by signal 15
May 30 02:32:16 MyFirstLinuxVM gnome-session: gnome-session-binary[1700]: WARNING: Application 'org.gnome.SettingsDaemon.Wacom.desktop' killed by signal 15
May 30 02:32:16 MyFirstLinuxVM gnome-session: gnome-session-binary[1700]: WARNING: Lost name on bus: org.gnome.SessionManager
May 30 02:32:16 MyFirstLinuxVM gnome-session-binary[1700]: WARNING: Application 'org.gnome.SettingsDaemon.Clipboard.desktop' killed by signal 15
May 30 02:32:16 MyFirstLinuxVM gnome-session-binary[1700]: WARNING: Application 'org.gnome.SettingsDaemon.Datetime.desktop' killed by signal 15
May 30 02:32:16 MyFirstLinuxVM gnome-session-binary[1700]: WARNING: Application 'org.gnome.SettingsDaemon.Housekeeping.desktop' killed by signal 15
